Component: ARM Compiler 5.06 update 4 (build 422) Tool: armlink [4d35d2]

==============================================================================

Section Cross References

    data_handle.o(i.cmd_handle) refers to data_handle.o(i.write_cmd_handle) for write_cmd_handle
    data_handle.o(i.cmd_handle) refers to data_handle.o(.bss) for data_handle_buf
    data_handle.o(i.frame_data_prase) refers to _printf_percent.o(.ARM.Collect$$_printf_percent$$00000000) for _printf_percent
    data_handle.o(i.frame_data_prase) refers to _printf_x.o(.ARM.Collect$$_printf_percent$$0000000C) for _printf_x
    data_handle.o(i.frame_data_prase) refers to _printf_hex_int.o(.text) for _printf_longlong_hex
    data_handle.o(i.frame_data_prase) refers to _printf_d.o(.ARM.Collect$$_printf_percent$$00000009) for _printf_d
    data_handle.o(i.frame_data_prase) refers to _printf_dec.o(.text) for _printf_int_dec
    data_handle.o(i.frame_data_prase) refers to queue.o(i.CycQueueIsEmpty) for CycQueueIsEmpty
    data_handle.o(i.frame_data_prase) refers to queue.o(i.CycQueueOut) for CycQueueOut
    data_handle.o(i.frame_data_prase) refers to noretval__2printf.o(.text) for __2printf
    data_handle.o(i.frame_data_prase) refers to uart.o(i.get_check_sum) for get_check_sum
    data_handle.o(i.frame_data_prase) refers to rt_memcpy_v6.o(.text) for __aeabi_memcpy
    data_handle.o(i.frame_data_prase) refers to data_handle.o(i.cmd_handle) for cmd_handle
    data_handle.o(i.frame_data_prase) refers to data_handle.o(.data) for rx_index
    data_handle.o(i.frame_data_prase) refers to main.o(.data) for q
    data_handle.o(i.frame_data_prase) refers to data_handle.o(.bss) for uart_rx_buf
    delay.o(i.delay_init) refers to misc.o(i.SysTick_CLKSourceConfig) for SysTick_CLKSourceConfig
    delay.o(i.delay_init) refers to delay.o(.data) for fac_us
    delay.o(i.delay_ms) refers to delay.o(.data) for fac_ms
    delay.o(i.delay_us) refers to delay.o(.data) for fac_us
    flash.o(i.STMFLASH_Read) refers to flash.o(i.STMFLASH_ReadHalfWord) for STMFLASH_ReadHalfWord
    flash.o(i.get_enable_state) refers to flash.o(i.STMFLASH_Read) for STMFLASH_Read
    flash.o(i.get_enable_state) refers to uart.o(i.get_check_sum) for get_check_sum
    flash.o(i.save_enable_state) refers to flash.o(i.STMFLASH_Read) for STMFLASH_Read
    flash.o(i.save_enable_state) refers to uart.o(i.get_check_sum) for get_check_sum
    flash.o(i.save_enable_state) refers to stm32f10x_flash.o(i.FLASH_Unlock) for FLASH_Unlock
    flash.o(i.save_enable_state) refers to stm32f10x_flash.o(i.FLASH_ClearFlag) for FLASH_ClearFlag
    flash.o(i.save_enable_state) refers to stm32f10x_flash.o(i.FLASH_ErasePage) for FLASH_ErasePage
    flash.o(i.save_enable_state) refers to stm32f10x_flash.o(i.FLASH_ProgramHalfWord) for FLASH_ProgramHalfWord
    flash.o(i.save_enable_state) refers to stm32f10x_flash.o(i.FLASH_Lock) for FLASH_Lock
    main.o(i.main) refers to queue.o(i.CycQueueInit) for CycQueueInit
    main.o(i.main) refers to misc.o(i.NVIC_PriorityGroupConfig) for NVIC_PriorityGroupConfig
    main.o(i.main) refers to delay.o(i.delay_init) for delay_init
    main.o(i.main) refers to uart.o(i.uart2_init) for uart2_init
    main.o(i.main) refers to uart.o(i.uart3_init) for uart3_init
    main.o(i.main) refers to data_handle.o(i.frame_data_prase) for frame_data_prase
    main.o(i.main) refers to main.o(.data) for q
    main.o(i.test_io) refers to stm32f10x_rcc.o(i.RCC_APB2PeriphClockCmd) for RCC_APB2PeriphClockCmd
    main.o(i.test_io) refers to stm32f10x_gpio.o(i.GPIO_Init) for GPIO_Init
    main.o(i.test_io) refers to stm32f10x_gpio.o(i.GPIO_ResetBits) for GPIO_ResetBits
    queue.o(i.CycQueueFree) refers to h1_free.o(.text) for free
    queue.o(i.CycQueueInit) refers to h1_alloc.o(.text) for malloc
    stm32f10x_it.o(i.SysTick_Handler) refers to systick.o(i.HAL_IncTick) for HAL_IncTick
    stm32f10x_it.o(i.USART2_IRQHandler) refers to stm32f10x_usart.o(i.USART_GetITStatus) for USART_GetITStatus
    stm32f10x_it.o(i.USART2_IRQHandler) refers to stm32f10x_usart.o(i.USART_ClearITPendingBit) for USART_ClearITPendingBit
    stm32f10x_it.o(i.USART2_IRQHandler) refers to stm32f10x_usart.o(i.USART_ReceiveData) for USART_ReceiveData
    stm32f10x_it.o(i.USART2_IRQHandler) refers to queue.o(i.CycQueueIn) for CycQueueIn
    stm32f10x_it.o(i.USART2_IRQHandler) refers to main.o(.data) for q
    systick.o(i.HAL_Delay) refers to systick.o(i.HAL_GetTick) for HAL_GetTick
    systick.o(i.HAL_GetTick) refers to systick.o(.data) for uwTick
    systick.o(i.HAL_IncTick) refers to systick.o(.data) for uwTick
    systick.o(i.init_tick) refers to systick.o(i.__NVIC_SetPriority) for __NVIC_SetPriority
    systick.o(i.init_tick) refers to system_stm32f10x.o(.data) for SystemCoreClock
    uart.o(i.data_upload) refers to rt_memclr_w.o(.text) for __aeabi_memclr4
    uart.o(i.data_upload) refers to stm32f10x_usart.o(i.USART_SendData) for USART_SendData
[...]
    Removing stm32f10x_rcc.o(i.RCC_GetITStatus), (24 bytes).
    Removing stm32f10x_rcc.o(i.RCC_GetSYSCLKSource), (16 bytes).
    Removing stm32f10x_rcc.o(i.RCC_HCLKConfig), (24 bytes).
    Removing stm32f10x_rcc.o(i.RCC_HSEConfig), (76 bytes).
    Removing stm32f10x_rcc.o(i.RCC_HSICmd), (12 bytes).
    Removing stm32f10x_rcc.o(i.RCC_ITConfig), (32 bytes).
    Removing stm32f10x_rcc.o(i.RCC_LSEConfig), (52 bytes).
    Removing stm32f10x_rcc.o(i.RCC_LSICmd), (12 bytes).
    Removing stm32f10x_rcc.o(i.RCC_MCOConfig), (12 bytes).
    Removing stm32f10x_rcc.o(i.RCC_PCLK1Config), (24 bytes).
    Removing stm32f10x_rcc.o(i.RCC_PCLK2Config), (24 bytes).
    Removing stm32f10x_rcc.o(i.RCC_PLLCmd), (12 bytes).
    Removing stm32f10x_rcc.o(i.RCC_PLLConfig), (28 bytes).
    Removing stm32f10x_rcc.o(i.RCC_RTCCLKCmd), (12 bytes).
    Removing stm32f10x_rcc.o(i.RCC_RTCCLKConfig), (16 bytes).
    Removing stm32f10x_rcc.o(i.RCC_SYSCLKConfig), (24 bytes).
    Removing stm32f10x_rcc.o(i.RCC_USBCLKConfig), (12 bytes).
    Removing stm32f10x_rcc.o(i.RCC_WaitForHSEStartUp), (56 bytes).
    Removing stm32f10x_rtc.o(.rev16_text), (4 bytes).
    Removing stm32f10x_rtc.o(.revsh_text), (4 bytes).
    Removing stm32f10x_rtc.o(.rrx_text), (6 bytes).
    Removing stm32f10x_rtc.o(i.RTC_ClearFlag), (16 bytes).
    Removing stm32f10x_rtc.o(i.RTC_ClearITPendingBit), (16 bytes).
    Removing stm32f10x_rtc.o(i.RTC_EnterConfigMode), (20 bytes).
    Removing stm32f10x_rtc.o(i.RTC_ExitConfigMode), (20 bytes).
    Removing stm32f10x_rtc.o(i.RTC_GetCounter), (20 bytes).
    Removing stm32f10x_rtc.o(i.RTC_GetDivider), (24 bytes).
    Removing stm32f10x_rtc.o(i.RTC_GetFlagStatus), (24 bytes).
    Removing stm32f10x_rtc.o(i.RTC_GetITStatus), (36 bytes).
    Removing stm32f10x_rtc.o(i.RTC_ITConfig), (32 bytes).
    Removing stm32f10x_rtc.o(i.RTC_SetAlarm), (28 bytes).
    Removing stm32f10x_rtc.o(i.RTC_SetCounter), (28 bytes).
    Removing stm32f10x_rtc.o(i.RTC_SetPrescaler), (32 bytes).
    Removing stm32f10x_rtc.o(i.RTC_WaitForLastTask), (20 bytes).
    Removing stm32f10x_rtc.o(i.RTC_WaitForSynchro), (36 bytes).
    Removing stm32f10x_usart.o(.rev16_text), (4 bytes).
    Removing stm32f10x_usart.o(.revsh_text), (4 bytes).
    Removing stm32f10x_usart.o(.rrx_text), (6 bytes).
    Removing stm32f10x_usart.o(i.USART_ClearFlag), (18 bytes).
    Removing stm32f10x_usart.o(i.USART_ClockInit), (34 bytes).
    Removing stm32f10x_usart.o(i.USART_ClockStructInit), (12 bytes).
    Removing stm32f10x_usart.o(i.USART_DMACmd), (18 bytes).
    Removing stm32f10x_usart.o(i.USART_HalfDuplexCmd), (24 bytes).
    Removing stm32f10x_usart.o(i.USART_IrDACmd), (24 bytes).
    Removing stm32f10x_usart.o(i.USART_IrDAConfig), (18 bytes).
    Removing stm32f10x_usart.o(i.USART_LINBreakDetectLengthConfig), (18 bytes).
    Removing stm32f10x_usart.o(i.USART_LINCmd), (24 bytes).
    Removing stm32f10x_usart.o(i.USART_OneBitMethodCmd), (24 bytes).
    Removing stm32f10x_usart.o(i.USART_OverSampling8Cmd), (22 bytes).
    Removing stm32f10x_usart.o(i.USART_ReceiverWakeUpCmd), (24 bytes).
    Removing stm32f10x_usart.o(i.USART_SendBreak), (10 bytes).
    Removing stm32f10x_usart.o(i.USART_SetAddress), (18 bytes).
    Removing stm32f10x_usart.o(i.USART_SetGuardTime), (16 bytes).
    Removing stm32f10x_usart.o(i.USART_SetPrescaler), (16 bytes).
    Removing stm32f10x_usart.o(i.USART_SmartCardCmd), (24 bytes).
    Removing stm32f10x_usart.o(i.USART_SmartCardNACKCmd), (24 bytes).
    Removing stm32f10x_usart.o(i.USART_StructInit), (24 bytes).
    Removing stm32f10x_usart.o(i.USART_WakeUpConfig), (18 bytes).
    Removing system_stm32f10x.o(.rev16_text), (4 bytes).
    Removing system_stm32f10x.o(.revsh_text), (4 bytes).
    Removing system_stm32f10x.o(.rrx_text), (6 bytes).
    Removing system_stm32f10x.o(i.SystemCoreClockUpdate), (164 bytes).
    Removing system_stm32f10x.o(.data), (20 bytes).

172 unused section(s) (total 5272 bytes) removed from the image.

==============================================================================

Image Symbol Table

    Local Symbols

    Symbol Name                              Value     Ov Type        Size  Object(Section)

    ../clib/angel/boardlib.s                 0x00000000   Number         0  boardshut.o ABSOLUTE
    ../clib/angel/boardlib.s                 0x00000000   Number         0  boardinit1.o ABSOLUTE
    ../clib/angel/boardlib.s                 0x00000000   Number         0  boardinit2.o ABSOLUTE
    ../clib/angel/boardlib.s                 0x00000000   Number         0  boardinit3.o ABSOLUTE
    ../clib/angel/handlers.s                 0x00000000   Number         0  __scatter_copy.o ABSOLUTE
    ../clib/angel/handlers.s                 0x00000000   Number         0  __scatter_zi.o ABSOLUTE
    ../clib/angel/kernel.s                   0x00000000   Number         0  rtexit2.o ABSOLUTE
    ../clib/angel/kernel.s                   0x00000000   Number         0  __rtentry4.o ABSOLUTE
    ../clib/angel/kernel.s                   0x00000000   Number         0  __rtentry2.o ABSOLUTE
    ../clib/angel/kernel.s                   0x00000000   Number         0  rtexit.o ABSOLUTE
    ../clib/angel/kernel.s                   0x00000000   Number         0  __rtentry.o ABSOLUTE
    ../clib/angel/rt.s                       0x00000000   Number         0  rt_raise.o ABSOLUTE
    ../clib/angel/rt.s                       0x00000000   Number         0  rt_heap_descriptor_intlibspace.o ABSOLUTE
    ../clib/angel/rt.s                       0x00000000   Number         0  rt_errno_addr_intlibspace.o ABSOLUTE
    ../clib/angel/rt.s                       0x00000000   Number         0  rt_errno_addr.o ABSOLUTE
    ../clib/angel/rt.s                       0x00000000   Number         0  rt_heap_descriptor.o ABSOLUTE
    ../clib/angel/scatter.s                  0x00000000   Number         0  __scatter.o ABSOLUTE
    ../clib/angel/startup.s                  0x00000000   Number         0  __main.o ABSOLUTE
    ../clib/angel/sys.s                      0x00000000   Number         0  mutex_dummy.o ABSOLUTE
    ../clib/angel/sys.s                      0x00000000   Number         0  sys_stackheap_outer.o ABSOLUTE
    ../clib/angel/sys.s                      0x00000000   Number         0  indicate_semi.o ABSOLUTE
    ../clib/angel/sys.s                      0x00000000   Number         0  libspace.o ABSOLUTE
    ../clib/angel/sys.s                      0x00000000   Number         0  use_no_semi.o ABSOLUTE
    ../clib/angel/sysapp.c                   0x00000000   Number         0  sys_command.o ABSOLUTE
    ../clib/angel/sysapp.c                   0x00000000   Number         0  sys_wrch.o ABSOLUTE
    ../clib/angel/sysapp.c                   0x00000000   Number         0  sys_io.o ABSOLUTE
    ../clib/angel/sysapp.c                   0x00000000   Number         0  sys_exit.o ABSOLUTE
    ../clib/armsys.c                         0x00000000   Number         0  _get_argv.o ABSOLUTE
    ../clib/armsys.c                         0x00000000   Number         0  no_argv.o ABSOLUTE
    ../clib/armsys.c                         0x00000000   Number         0  _get_argv_nomalloc.o ABSOLUTE
    ../clib/armsys.c                         0x00000000   Number         0  argv_veneer.o ABSOLUTE
    ../clib/armsys.c                         0x00000000   Number         0  argv_veneer.o ABSOLUTE
    ../clib/heap1.c                          0x00000000   Number         0  h1_free_mt.o ABSOLUTE
    ../clib/heap1.c                          0x00000000   Number         0  h1_alloc_mt.o ABSOLUTE
    ../clib/heap1.c                          0x00000000   Number         0  h1_free.o ABSOLUTE
    ../clib/heap1.c                          0x00000000   Number         0  h1_alloc.o ABSOLUTE
    ../clib/heap1.c                          0x00000000   Number         0  h1_init.o ABSOLUTE
    ../clib/heap1.c                          0x00000000   Number         0  h1_final_mt.o ABSOLUTE
    ../clib/heap1.c                          0x00000000   Number         0  h1_extend_mt.o ABSOLUTE
    ../clib/heap1.c                          0x00000000   Number         0  h1_final.o ABSOLUTE
    ../clib/heap1.c                          0x00000000   Number         0  h1_init_mt.o ABSOLUTE
    ../clib/heap1.c                          0x00000000   Number         0  h1_extend.o ABSOLUTE
    ../clib/heap2.c                          0x00000000   Number         0  heap2.o ABSOLUTE
    ../clib/heap2.c                          0x00000000   Number         0  fdtree.o ABSOLUTE
    ../clib/heap2.c                          0x00000000   Number         0  heap2mt.o ABSOLUTE
    ../clib/heapalloc.c                      0x00000000   Number         0  hguard.o ABSOLUTE
    ../clib/heapalloc.c                      0x00000000   Number         0  heapstubs.o ABSOLUTE
    ../clib/heapalloc.c                      0x00000000   Number         0  term_alloc.o ABSOLUTE
    ../clib/heapalloc.c                      0x00000000   Number         0  maybetermalloc1.o ABSOLUTE
    ../clib/heapalloc.c                      0x00000000   Number         0  free.o ABSOLUTE
    ../clib/heapalloc.c                      0x00000000   Number         0  hrguard.o ABSOLUTE
    ../clib/heapalloc.c                      0x00000000   Number         0  maybetermalloc2.o ABSOLUTE
    ../clib/heapalloc.c                      0x00000000   Number         0  maybetermalloc2.o ABSOLUTE
    ../clib/heapalloc.c                      0x00000000   Number         0  malloc.o ABSOLUTE
    ../clib/heapalloc.c                      0x00000000   Number         0  init_alloc.o ABSOLUTE
    ../clib/heapalloc.c                      0x00000000   Number         0  maybetermalloc1.o ABSOLUTE
    ../clib/heapaux.c                        0x00000000   Number         0  heapauxa.o ABSOLUTE
    ../clib/heapaux.c                        0x00000000   Number         0  heapauxi.o ABSOLUTE
    ../clib/libinit.s                        0x00000000   Number         0  libinit2.o ABSOLUTE
    ../clib/libinit.s                        0x00000000   Number         0  libshutdown2.o ABSOLUTE
    ../clib/libinit.s                        0x00000000   Number         0  libinit.o ABSOLUTE
    ../clib/libinit.s                        0x00000000   Number         0  libshutdown.o ABSOLUTE
    ../clib/memcpset.s                       0x00000000   Number         0  rt_memcpy_w.o ABSOLUTE
    ../clib/memcpset.s                       0x00000000   Number         0  rt_memclr_w.o ABSOLUTE
    ../clib/memcpset.s                       0x00000000   Number         0  rt_memcpy_v6.o ABSOLUTE
    ../clib/printf.c                         0x00000000   Number         0  _printf_dec.o ABSOLUTE
    ../clib/printf.c                         0x00000000   Number         0  _printf_hex_ll.o ABSOLUTE
    ../clib/printf.c                         0x00000000   Number         0  _printf_hex_int.o ABSOLUTE
    ../clib/printf.c                         0x00000000   Number         0  _printf_hex_int_ll.o ABSOLUTE
    ../clib/printf.c                         0x00000000   Number         0  _printf_hex_ptr.o ABSOLUTE
    ../clib/printf.c                         0x00000000   Number         0  _printf_hex_int_ptr.o ABSOLUTE
    ../clib/printf.c                         0x00000000   Number         0  _printf_hex_ll_ptr.o ABSOLUTE
    ../clib/printf.c                         0x00000000   Number         0  __printf_flags.o ABSOLUTE
    ../clib/printf.c                         0x00000000   Number         0  __printf_ss.o ABSOLUTE
    ../clib/printf.c                         0x00000000   Number         0  __printf_flags_ss.o ABSOLUTE
    ../clib/printf.c                         0x00000000   Number         0  __printf_wp.o ABSOLUTE
    ../clib/printf.c                         0x00000000   Number         0  __printf_flags_wp.o ABSOLUTE
    ../clib/printf.c                         0x00000000   Number         0  __printf_ss_wp.o ABSOLUTE
    ../clib/printf.c                         0x00000000   Number         0  __printf_flags_ss_wp.o ABSOLUTE
    ../clib/printf.c                         0x00000000   Number         0  _printf_intcommon.o ABSOLUTE
    ../clib/printf.c                         0x00000000   Number         0  _printf_char_file.o ABSOLUTE
    ../clib/printf.c                         0x00000000   Number         0  __printf_nopercent.o ABSOLUTE
    ../clib/printf.c                         0x00000000   Number         0  _printf_hex_int_ll_ptr.o ABSOLUTE
    ../clib/printf.c                         0x00000000   Number         0  __2printf.o ABSOLUTE
    ../clib/printf.c                         0x00000000   Number         0  noretval__2printf.o ABSOLUTE
    ../clib/printf.c                         0x00000000   Number         0  __printf.o ABSOLUTE
    ../clib/printf.c                         0x00000000   Number         0  _printf_char_common.o ABSOLUTE
    ../clib/printf_percent.s                 0x00000000   Number         0  _printf_percent.o ABSOLUTE
    ../clib/printf_percent.s                 0x00000000   Number         0  _printf_percent_end.o ABSOLUTE
    ../clib/printf_percent.s                 0x00000000   Number         0  _printf_d.o ABSOLUTE
    ../clib/printf_percent.s                 0x00000000   Number         0  _printf_x.o ABSOLUTE
    ../clib/signal.c                         0x00000000   Number         0  defsig_exit.o ABSOLUTE
    ../clib/signal.c                         0x00000000   Number         0  defsig_rtred_inner.o ABSOLUTE
    ../clib/signal.c                         0x00000000   Number         0  defsig_other.o ABSOLUTE
    ../clib/signal.c                         0x00000000   Number         0  defsig_rtred_formal.o ABSOLUTE
    ../clib/signal.c                         0x00000000   Number         0  defsig_rtmem_outer.o ABSOLUTE
    ../clib/signal.c                         0x00000000   Number         0  defsig_general.o ABSOLUTE
    ../clib/signal.c                         0x00000000   Number         0  defsig_rtmem_inner.o ABSOLUTE
    ../clib/signal.c                         0x00000000   Number         0  defsig_segv_inner.o ABSOLUTE
    ../clib/signal.c                         0x00000000   Number         0  defsig_cppl_inner.o ABSOLUTE
    ../clib/signal.c                         0x00000000   Number         0  defsig_rtmem_formal.o ABSOLUTE
    ../clib/signal.c                         0x00000000   Number         0  defsig_pvfn_inner.o ABSOLUTE
    ../clib/signal.c                         0x00000000   Number         0  __raise.o ABSOLUTE
    ../clib/signal.c                         0x00000000   Number         0  defsig_stak_inner.o ABSOLUTE
    ../clib/signal.c                         0x00000000   Number         0  defsig_fpe_inner.o ABSOLUTE
    ../clib/signal.c                         0x00000000   Number         0  defsig_rtred_outer.o ABSOLUTE
    ../clib/signal.c                         0x00000000   Number         0  defsig_abrt_inner.o ABSOLUTE
    ../clib/signal.s                         0x00000000   Number         0  defsig.o ABSOLUTE
    ../clib/stdio.c                          0x00000000   Number         0  fopen.o ABSOLUTE
    ../clib/stdio.c                          0x00000000   Number         0  initio_locked.o ABSOLUTE
    ../clib/stdio.c                          0x00000000   Number         0  fclose.o ABSOLUTE
    ../clib/stdio.c                          0x00000000   Number         0  setvbuf_locked.o ABSOLUTE
    ../clib/stdio.c                          0x00000000   Number         0  stdio_streams.o ABSOLUTE
    ../clib/stdio.c                          0x00000000   Number         0  fopen_locked.o ABSOLUTE
    ../clib/stdio.c                          0x00000000   Number         0  fseek.o ABSOLUTE
    ../clib/stdio.c                          0x00000000   Number         0  ferror_locked.o ABSOLUTE
    ../clib/stdio.c                          0x00000000   Number         0  ftell.o ABSOLUTE
    ../clib/stdio.c                          0x00000000   Number         0  stdio.o ABSOLUTE
    ../clib/stdio.c                          0x00000000   Number         0  initio.o ABSOLUTE
    ../clib/stdio.c                          0x00000000   Number         0  setvbuf.o ABSOLUTE
    ../clib/stdio.c                          0x00000000   Number         0  ferror.o ABSOLUTE
    ../clib/stdio.c                          0x00000000   Number         0  streamlock.o ABSOLUTE
    ../clib/stdlib.c                         0x00000000   Number         0  exit.o ABSOLUTE
    ../clib/string.c                         0x00000000   Number         0  strlen.o ABSOLUTE
    ../fplib/fpinit.s                        0x00000000   Number         0  fpinit.o ABSOLUTE
    App\\src\\data_handle.c                  0x00000000   Number         0  data_handle.o ABSOLUTE
    App\\src\\delay.c                        0x00000000   Number         0  delay.o ABSOLUTE
    App\\src\\flash.c                        0x00000000   Number         0  flash.o ABSOLUTE
    App\\src\\main.c                         0x00000000   Number         0  main.o ABSOLUTE
    App\\src\\queue.c                        0x00000000   Number         0  queue.o ABSOLUTE
    App\\src\\stm32f10x_it.c                 0x00000000   Number         0  stm32f10x_it.o ABSOLUTE
    App\\src\\systick.c                      0x00000000   Number         0  systick.o ABSOLUTE
    App\\src\\uart.c                         0x00000000   Number         0  uart.o ABSOLUTE
    App\src\data_handle.c                    0x00000000   Number         0  data_handle.o ABSOLUTE
    App\src\delay.c                          0x00000000   Number         0  delay.o ABSOLUTE
    App\src\flash.c                          0x00000000   Number         0  flash.o ABSOLUTE
    App\src\main.c                           0x00000000   Number         0  main.o ABSOLUTE
    App\src\queue.c                          0x00000000   Number         0  queue.o ABSOLUTE
    App\src\stm32f10x_it.c                   0x00000000   Number         0  stm32f10x_it.o ABSOLUTE
    App\src\systick.c                        0x00000000   Number         0  systick.o ABSOLUTE
    App\src\uart.c                           0x00000000   Number         0  uart.o ABSOLUTE
    D:\Software\Keil_v5\ARM\PACK\Keil\STM32F1xx_DFP\2.1.0\Device\StdPeriph_Driver\src\misc.c 0x00000000   Number         0  misc.o ABSOLUTE
    D:\Software\Keil_v5\ARM\PACK\Keil\STM32F1xx_DFP\2.1.0\Device\StdPeriph_Driver\src\stm32f10x_flash.c 0x00000000   Number         0  stm32f10x_flash.o ABSOLUTE
    D:\Software\Keil_v5\ARM\PACK\Keil\STM32F1xx_DFP\2.1.0\Device\StdPeriph_Driver\src\stm32f10x_gpio.c 0x00000000   Number         0  stm32f10x_gpio.o ABSOLUTE
    D:\Software\Keil_v5\ARM\PACK\Keil\STM32F1xx_DFP\2.1.0\Device\StdPeriph_Driver\src\stm32f10x_rcc.c 0x00000000   Number         0  stm32f10x_rcc.o ABSOLUTE
    D:\Software\Keil_v5\ARM\PACK\Keil\STM32F1xx_DFP\2.1.0\Device\StdPeriph_Driver\src\stm32f10x_rtc.c 0x00000000   Number         0  stm32f10x_rtc.o ABSOLUTE
    D:\Software\Keil_v5\ARM\PACK\Keil\STM32F1xx_DFP\2.1.0\Device\StdPeriph_Driver\src\stm32f10x_usart.c 0x00000000   Number         0  stm32f10x_usart.o ABSOLUTE
    D:\\Software\\Keil_v5\\ARM\\PACK\\Keil\\STM32F1xx_DFP\\2.1.0\\Device\\StdPeriph_Driver\\src\\misc.c 0x00000000   Number         0  misc.o ABSOLUTE
    D:\\Software\\Keil_v5\\ARM\\PACK\\Keil\\STM32F1xx_DFP\\2.1.0\\Device\\StdPeriph_Driver\\src\\stm32f10x_flash.c 0x00000000   Number         0  stm32f10x_flash.o ABSOLUTE
    D:\\Software\\Keil_v5\\ARM\\PACK\\Keil\\STM32F1xx_DFP\\2.1.0\\Device\\StdPeriph_Driver\\src\\stm32f10x_gpio.c 0x00000000   Number         0  stm32f10x_gpio.o ABSOLUTE
    D:\\Software\\Keil_v5\\ARM\\PACK\\Keil\\STM32F1xx_DFP\\2.1.0\\Device\\StdPeriph_Driver\\src\\stm32f10x_rcc.c 0x00000000   Number         0  stm32f10x_rcc.o ABSOLUTE
    D:\\Software\\Keil_v5\\ARM\\PACK\\Keil\\STM32F1xx_DFP\\2.1.0\\Device\\StdPeriph_Driver\\src\\stm32f10x_rtc.c 0x00000000   Number         0  stm32f10x_rtc.o ABSOLUTE
    D:\\Software\\Keil_v5\\ARM\\PACK\\Keil\\STM32F1xx_DFP\\2.1.0\\Device\\StdPeriph_Driver\\src\\stm32f10x_usart.c 0x00000000   Number         0  stm32f10x_usart.o ABSOLUTE
    RTE\Device\STM32F103ZE\startup_stm32f10x_hd.s 0x00000000   Number         0  startup_stm32f10x_hd.o ABSOLUTE
    RTE\Device\STM32F103ZE\system_stm32f10x.c 0x00000000   Number         0  system_stm32f10x.o ABSOLUTE
    RTE\\Device\\STM32F103ZE\\system_stm32f10x.c 0x00000000   Number         0  system_stm32f10x.o ABSOLUTE
    dc.s                                     0x00000000   Number         0  dc.o ABSOLUTE
    RESET                                    0x08000000   Section      304  startup_stm32f10x_hd.o(RESET)
    !!!main                                  0x08000130   Section        8  __main.o(!!!main)
    !!!scatter                               0x08000138   Section       52  __scatter.o(!!!scatter)
    !!handler_copy                           0x0800016c   Section       26  __scatter_copy.o(!!handler_copy)
    !!handler_zi                             0x08000188   Section       28  __scatter_zi.o(!!handler_zi)
    .ARM.Collect$$_printf_percent$$00000000  0x080001a4   Section        0  _printf_percent.o(.ARM.Collect$$_printf_percent$$00000000)
    .ARM.Collect$$_printf_percent$$00000009  0x080001a4   Section        6  _printf_d.o(.ARM.Collect$$_printf_percent$$00000009)
    .ARM.Collect$$_printf_percent$$0000000C  0x080001aa   Section        6  _printf_x.o(.ARM.Collect$$_printf_percent$$0000000C)
    .ARM.Collect$$_printf_percent$$00000017  0x080001b0   Section        4  _printf_percent_end.o(.ARM.Collect$$_printf_percent$$00000017)
    .ARM.Collect$$libinit$$00000000          0x080001b4   Section        2  libinit.o(.ARM.Collect$$libinit$$00000000)
    .ARM.Collect$$libinit$$00000002          0x080001b6   Section        0  libinit2.o(.ARM.Collect$$libinit$$00000002)
    .ARM.Collect$$libinit$$00000004          0x080001b6   Section        0  libinit2.o(.ARM.Collect$$libinit$$00000004)
    .ARM.Collect$$libinit$$00000005          0x080001b6   Section        8  libinit2.o(.ARM.Collect$$libinit$$00000005)
    .ARM.Collect$$libinit$$0000000A          0x080001be   Section        0  libinit2.o(.ARM.Collect$$libinit$$0000000A)
    .ARM.Collect$$libinit$$0000000C          0x080001be   Section        0  libinit2.o(.ARM.Collect$$libinit$$0000000C)
    .ARM.Collect$$libinit$$0000000E          0x080001be   Section        0  libinit2.o(.ARM.Collect$$libinit$$0000000E)
    .ARM.Collect$$libinit$$00000011          0x080001be   Section        0  libinit2.o(.ARM.Collect$$libinit$$00000011)
    .ARM.Collect$$libinit$$00000013          0x080001be   Section        0  libinit2.o(.ARM.Collect$$libinit$$00000013)
    .ARM.Collect$$libinit$$00000015          0x080001be   Section        0  libinit2.o(.ARM.Collect$$libinit$$00000015)
    .ARM.Collect$$libinit$$00000017          0x080001be   Section        0  libinit2.o(.ARM.Collect$$libinit$$00000017)
    .ARM.Collect$$libinit$$00000019          0x080001be   Section        0  libinit2.o(.ARM.Collect$$libinit$$00000019)
    .ARM.Collect$$libinit$$0000001B          0x080001be   Section        0  libinit2.o(.ARM.Collect$$libinit$$0000001B)
    .ARM.Collect$$libinit$$0000001D          0x080001be   Section        0  libinit2.o(.ARM.Collect$$libinit$$0000001D)
    .ARM.Collect$$libinit$$0000001F          0x080001be   Section        0  libinit2.o(.ARM.Collect$$libinit$$0000001F)
    .ARM.Collect$$libinit$$00000021          0x080001be   Section        0  libinit2.o(.ARM.Collect$$libinit$$00000021)
    .ARM.Collect$$libinit$$00000023          0x080001be   Section        0  libinit2.o(.ARM.Collect$$libinit$$00000023)
    .ARM.Collect$$libinit$$00000024          0x080001be   Section        4  libinit2.o(.ARM.Collect$$libinit$$00000024)
    .ARM.Collect$$libinit$$00000025          0x080001c2   Section        0  libinit2.o(.ARM.Collect$$libinit$$00000025)
    .ARM.Collect$$libinit$$0000002C          0x080001c2   Section        0  libinit2.o(.ARM.Collect$$libinit$$0000002C)
    .ARM.Collect$$libinit$$0000002E          0x080001c2   Section        0  libinit2.o(.ARM.Collect$$libinit$$0000002E)
    .ARM.Collect$$libinit$$00000030          0x080001c2   Section        0  libinit2.o(.ARM.Collect$$libinit$$00000030)
    .ARM.Collect$$libinit$$00000032          0x080001c2   Section        0  libinit2.o(.ARM.Collect$$libinit$$00000032)
    .ARM.Collect$$libinit$$00000033          0x080001c2   Section        2  libinit2.o(.ARM.Collect$$libinit$$00000033)
    .ARM.Collect$$libshutdown$$00000000      0x080001c4   Section        2  libshutdown.o(.ARM.Collect$$libshutdown$$00000000)
    .ARM.Collect$$libshutdown$$00000002      0x080001c6   Section        0  libshutdown2.o(.ARM.Collect$$libshutdown$$00000002)
    .ARM.Collect$$libshutdown$$00000003      0x080001c6   Section        4  libshutdown2.o(.ARM.Collect$$libshutdown$$00000003)
    .ARM.Collect$$libshutdown$$00000004      0x080001ca   Section        0  libshutdown2.o(.ARM.Collect$$libshutdown$$00000004)
    .ARM.Collect$$libshutdown$$00000007      0x080001ca   Section        0  libshutdown2.o(.ARM.Collect$$libshutdown$$00000007)
    .ARM.Collect$$libshutdown$$0000000A      0x080001ca   Section        0  libshutdown2.o(.ARM.Collect$$libshutdown$$0000000A)
    .ARM.Collect$$libshutdown$$0000000C      0x080001ca   Section        0  libshutdown2.o(.ARM.Collect$$libshutdown$$0000000C)
    .ARM.Collect$$libshutdown$$0000000F      0x080001ca   Section        0  libshutdown2.o(.ARM.Collect$$libshutdown$$0000000F)
    .ARM.Collect$$libshutdown$$00000010      0x080001ca   Section        2  libshutdown2.o(.ARM.Collect$$libshutdown$$00000010)
    .ARM.Collect$$rtentry$$00000000          0x080001cc   Section        0  __rtentry.o(.ARM.Collect$$rtentry$$00000000)
    .ARM.Collect$$rtentry$$00000002          0x080001cc   Section        0  __rtentry2.o(.ARM.Collect$$rtentry$$00000002)
    .ARM.Collect$$rtentry$$00000004          0x080001cc   Section        6  __rtentry4.o(.ARM.Collect$$rtentry$$00000004)
    .ARM.Collect$$rtentry$$00000009          0x080001d2   Section        0  __rtentry2.o(.ARM.Collect$$rtentry$$00000009)
    .ARM.Collect$$rtentry$$0000000A          0x080001d2   Section        4  __rtentry2.o(.ARM.Collect$$rtentry$$0000000A)
    .ARM.Collect$$rtentry$$0000000C          0x080001d6   Section        0  __rtentry2.o(.ARM.Collect$$rtentry$$0000000C)
    .ARM.Collect$$rtentry$$0000000D          0x080001d6   Section        8  __rtentry2.o(.ARM.Collect$$rtentry$$0000000D)
    .ARM.Collect$$rtexit$$00000000           0x080001de   Section        2  rtexit.o(.ARM.Collect$$rtexit$$00000000)
    .ARM.Collect$$rtexit$$00000002           0x080001e0   Section        0  rtexit2.o(.ARM.Collect$$rtexit$$00000002)
    .ARM.Collect$$rtexit$$00000003           0x080001e0   Section        4  rtexit2.o(.ARM.Collect$$rtexit$$00000003)
    .ARM.Collect$$rtexit$$00000004           0x080001e4   Section        6  rtexit2.o(.ARM.Collect$$rtexit$$00000004)
    .emb_text                                0x080001ec   Section        0  maybetermalloc1.o(.emb_text)
    .text                                    0x080001ec   Section       64  startup_stm32f10x_hd.o(.text)
    .text                                    0x0800022c   Section        0  h1_alloc.o(.text)
    .text                                    0x0800028a   Section        0  h1_free.o(.text)
    .text                                    0x080002d8   Section        0  noretval__2printf.o(.text)
    .text                                    0x080002f0   Section        0  __printf.o(.text)
    .text                                    0x08000358   Section        0  _printf_dec.o(.text)
    .text                                    0x080003d0   Section        0  _printf_hex_int.o(.text)
    .text                                    0x08000428   Section      138  rt_memcpy_v6.o(.text)
    .text                                    0x080004b2   Section       78  rt_memclr_w.o(.text)
    .text                                    0x08000500   Section        0  heapauxi.o(.text)
    .text                                    0x08000508   Section        8  rt_heap_descriptor_intlibspace.o(.text)
    .text                                    0x08000510   Section        0  hguard.o(.text)
    .text                                    0x08000514   Section        0  init_alloc.o(.text)
    .text                                    0x0800059e   Section        0  h1_init.o(.text)
    .text                                    0x080005ac   Section        0  _printf_intcommon.o(.text)
    .text                                    0x08000660   Section        0  _printf_char_file.o(.text)
    .text                                    0x08000684   Section      100  rt_memcpy_w.o(.text)
    .text                                    0x080006e8   Section        8  libspace.o(.text)
    .text                                    0x080006f0   Section        0  h1_extend.o(.text)
    .text                                    0x08000724   Section        0  _printf_char_common.o(.text)
    _printf_input_char                       0x08000725   Thumb Code    10  _printf_char_common.o(.text)
    .text                                    0x08000754   Section        0  ferror.o(.text)
    .text                                    0x0800075c   Section        0  initio.o(.text)
    .text                                    0x08000894   Section        0  defsig_rtmem_outer.o(.text)
    .text                                    0x080008a2   Section        0  sys_io.o(.text)
    .text                                    0x08000908   Section        2  use_no_semi.o(.text)
    .text                                    0x0800090a   Section        0  indicate_semi.o(.text)
    .text                                    0x0800090a   Section       74  sys_stackheap_outer.o(.text)
    .text                                    0x08000954   Section        0  setvbuf.o(.text)
    .text                                    0x0800099c   Section        0  fopen.o(.text)
    _freopen_locked                          0x0800099d   Thumb Code     0  fopen.o(.text)
    .text                                    0x08000a88   Section        0  fclose.o(.text)
    .text                                    0x08000ad4   Section        0  exit.o(.text)
    .text                                    0x08000ae6   Section        0  defsig_exit.o(.text)
    .text                                    0x08000af0   Section        0  defsig_rtred_outer.o(.text)
    .text                                    0x08000b00   Section        0  defsig_rtmem_inner.o(.text)
    .text                                    0x08000b50   Section        0  sys_exit.o(.text)
    .text                                    0x08000b5c   Section        0  fseek.o(.text)
    .text                                    0x08000c54   Section        0  stdio.o(.text)
    .text                                    0x08000d44   Section        0  defsig_general.o(.text)
    .text                                    0x08000d78   Section        0  defsig_rtred_inner.o(.text)
    .text                                    0x08000dac   Section        0  strlen.o(.text)
    .text                                    0x08000dea   Section        0  sys_wrch.o(.text)
    .text                                    0x08000df8   Section        0  ftell.o(.text)
    .text                                    0x08000e3c   Section        8  rt_errno_addr_intlibspace.o(.text)
    i.BusFault_Handler                       0x08000e44   Section        0  stm32f10x_it.o(i.BusFault_Handler)
    i.CycQueueIn                             0x08000e48   Section        0  queue.o(i.CycQueueIn)
    i.CycQueueInit                           0x08000e80   Section        0  queue.o(i.CycQueueInit)
    i.CycQueueIsEmpty                        0x08000ea4   Section        0  queue.o(i.CycQueueIsEmpty)
    i.CycQueueOut                            0x08000eb4   Section        0  queue.o(i.CycQueueOut)
    i.DebugMon_Handler                       0x08000ee0   Section        0  stm32f10x_it.o(i.DebugMon_Handler)
    i.GPIO_Init                              0x08000ee2   Section        0  stm32f10x_gpio.o(i.GPIO_Init)
    i.HAL_IncTick                            0x08000ff8   Section        0  systick.o(i.HAL_IncTick)
    i.HardFault_Handler                      0x08001008   Section        0  stm32f10x_it.o(i.HardFault_Handler)
    i.MemManage_Handler                      0x0800100c   Section        0  stm32f10x_it.o(i.MemManage_Handler)
    i.NMI_Handler                            0x08001010   Section        0  stm32f10x_it.o(i.NMI_Handler)
    i.NVIC_Init                              0x08001014   Section        0  misc.o(i.NVIC_Init)
    i.NVIC_PriorityGroupConfig               0x08001084   Section        0  misc.o(i.NVIC_PriorityGroupConfig)
    i.PendSV_Handler                         0x08001098   Section        0  stm32f10x_it.o(i.PendSV_Handler)
    i.RCC_APB1PeriphClockCmd                 0x0800109c   Section        0  stm32f10x_rcc.o(i.RCC_APB1PeriphClockCmd)
    i.RCC_APB1PeriphResetCmd                 0x080010bc   Section        0  stm32f10x_rcc.o(i.RCC_APB1PeriphResetCmd)
    i.RCC_APB2PeriphClockCmd                 0x080010dc   Section        0  stm32f10x_rcc.o(i.RCC_APB2PeriphClockCmd)
    i.RCC_APB2PeriphResetCmd                 0x080010fc   Section        0  stm32f10x_rcc.o(i.RCC_APB2PeriphResetCmd)
    i.RCC_GetClocksFreq                      0x0800111c   Section        0  stm32f10x_rcc.o(i.RCC_GetClocksFreq)
    i.SVC_Handler                            0x080011f0   Section        0  stm32f10x_it.o(i.SVC_Handler)
    i.SetSysClock                            0x080011f2   Section        0  system_stm32f10x.o(i.SetSysClock)
    SetSysClock                              0x080011f3   Thumb Code     8  system_stm32f10x.o(i.SetSysClock)
    i.SetSysClockTo72                        0x080011fc   Section        0  system_stm32f10x.o(i.SetSysClockTo72)
    SetSysClockTo72                          0x080011fd   Thumb Code   214  system_stm32f10x.o(i.SetSysClockTo72)
    i.SysTick_CLKSourceConfig                0x080012dc   Section        0  misc.o(i.SysTick_CLKSourceConfig)
    i.SysTick_Handler                        0x08001304   Section        0  stm32f10x_it.o(i.SysTick_Handler)
    i.SystemInit                             0x0800130c   Section        0  system_stm32f10x.o(i.SystemInit)
    i.USART2_IRQHandler                      0x0800136c   Section        0  stm32f10x_it.o(i.USART2_IRQHandler)
    i.USART_ClearITPendingBit                0x080013a0   Section        0  stm32f10x_usart.o(i.USART_ClearITPendingBit)
    i.USART_Cmd                              0x080013be   Section        0  stm32f10x_usart.o(i.USART_Cmd)
    i.USART_DeInit                           0x080013d8   Section        0  stm32f10x_usart.o(i.USART_DeInit)
    i.USART_GetFlagStatus                    0x08001474   Section        0  stm32f10x_usart.o(i.USART_GetFlagStatus)
    i.USART_GetITStatus                      0x0800148e   Section        0  stm32f10x_usart.o(i.USART_GetITStatus)
    i.USART_ITConfig                         0x080014e2   Section        0  stm32f10x_usart.o(i.USART_ITConfig)
    i.USART_Init                             0x0800152c   Section        0  stm32f10x_usart.o(i.USART_Init)
    i.USART_ReceiveData                      0x08001604   Section        0  stm32f10x_usart.o(i.USART_ReceiveData)
    i.USART_SendData                         0x0800160e   Section        0  stm32f10x_usart.o(i.USART_SendData)
    i.UsageFault_Handler                     0x08001616   Section        0  stm32f10x_it.o(i.UsageFault_Handler)
    i.cmd_handle                             0x0800161c   Section        0  data_handle.o(i.cmd_handle)
    i.delay_init                             0x0800163c   Section        0  delay.o(i.delay_init)
    i.fputc                                  0x08001678   Section        0  uart.o(i.fputc)
    i.frame_data_prase                       0x0800169c   Section        0  data_handle.o(i.frame_data_prase)
    i.get_check_sum                          0x080018b4   Section        0  uart.o(i.get_check_sum)
    i.main                                   0x080018d0   Section        0  main.o(i.main)
    i.uart2_init                             0x080018fc   Section        0  uart.o(i.uart2_init)
    i.uart3_init                             0x080019a8   Section        0  uart.o(i.uart3_init)
    i.write_cmd_handle                       0x08001a60   Section        0  data_handle.o(i.write_cmd_handle)
    .constdata                               0x08001a62   Section       40  _printf_hex_int.o(.constdata)
    uc_hextab                                0x08001a62   Data          20  _printf_hex_int.o(.constdata)
    lc_hextab                                0x08001a76   Data          20  _printf_hex_int.o(.constdata)
    .constdata                               0x08001a8a   Section        4  sys_io.o(.constdata)
    .constdata                               0x08001a8e   Section        4  sys_io.o(.constdata)
    .constdata                               0x08001a92   Section        4  sys_io.o(.constdata)
    .data                                    0x20000000   Section        4  data_handle.o(.data)
    .data                                    0x20000004   Section        4  delay.o(.data)
    fac_us                                   0x20000004   Data           1  delay.o(.data)
    fac_ms                                   0x20000006   Data           2  delay.o(.data)
    .data                                    0x20000008   Section        4  main.o(.data)
    .data                                    0x2000000c   Section        4  systick.o(.data)
    uwTick                                   0x2000000c   Data           4  systick.o(.data)
    .data                                    0x20000010   Section       20  stm32f10x_rcc.o(.data)
    APBAHBPrescTable                         0x20000010   Data          16  stm32f10x_rcc.o(.data)
    ADCPrescTable                            0x20000020   Data           4  stm32f10x_rcc.o(.data)
    .data                                    0x20000024   Section        4  stdio_streams.o(.data)
    .data                                    0x20000028   Section        4  stdio_streams.o(.data)
    .data                                    0x2000002c   Section        4  stdio_streams.o(.data)
    .bss                                     0x20000030   Section      305  data_handle.o(.bss)
    .bss                                     0x20000164   Section       84  stdio_streams.o(.bss)
    .bss                                     0x200001b8   Section       84  stdio_streams.o(.bss)
    .bss                                     0x2000020c   Section       84  stdio_streams.o(.bss)
    .bss                                     0x20000260   Section       96  libspace.o(.bss)
    HEAP                                     0x200002c0   Section      512  startup_stm32f10x_hd.o(HEAP)
    Heap_Mem                                 0x200002c0   Data         512  startup_stm32f10x_hd.o(HEAP)
    STACK                                    0x200004c0   Section     1024  startup_stm32f10x_hd.o(STACK)
    Stack_Mem                                0x200004c0   Data        1024  startup_stm32f10x_hd.o(STACK)
    __initial_sp                             0x200008c0   Data           0  startup_stm32f10x_hd.o(STACK)

    Global Symbols

    Symbol Name                              Value     Ov Type        Size  Object(Section)

    BuildAttributes$$THM_ISAv4$P$D$K$B$S$PE$A:L22UL41UL21$X:L11$S22US41US21$IEEE1$IW$USESV6$~STKCKD$USESV7$~SHL$OTIME$ROPI$EBA8$UX$STANDARDLIB$REQ8$PRES8$EABIv2 0x00000000   Number         0  anon$$obj.o ABSOLUTE
    __ARM_use_no_argv                        0x00000000   Number         0  main.o ABSOLUTE
    __ARM_exceptions_init                     - Undefined Weak Reference
    __alloca_initialize                       - Undefined Weak Reference
    __arm_preinit_                            - Undefined Weak Reference
    __cpp_initialize__aeabi_                  - Undefined Weak Reference
    __cxa_finalize                            - Undefined Weak Reference
    __rt_locale                               - Undefined Weak Reference
    __sigvec_lookup                           - Undefined Weak Reference
    __user_heap_extent                        - Undefined Weak Reference
    _atexit_init                              - Undefined Weak Reference
    _call_atexit_fns                          - Undefined Weak Reference
    _clock_init                               - Undefined Weak Reference
    _fp_trap_init                             - Undefined Weak Reference
    _fp_trap_shutdown                         - Undefined Weak Reference
    _get_lc_collate                           - Undefined Weak Reference
    _get_lc_ctype                             - Undefined Weak Reference
    _get_lc_monetary                          - Undefined Weak Reference
    _get_lc_numeric                           - Undefined Weak Reference
    _get_lc_time                              - Undefined Weak Reference
    _getenv_init                              - Undefined Weak Reference
    _handle_redirection                       - Undefined Weak Reference
    _mutex_acquire                            - Undefined Weak Reference
    _mutex_free                               - Undefined Weak Reference
    _mutex_release                            - Undefined Weak Reference
    _printf_post_padding                      - Undefined Weak Reference
    _printf_pre_padding                       - Undefined Weak Reference
    _printf_truncate_signed                   - Undefined Weak Reference
    _printf_truncate_unsigned                 - Undefined Weak Reference
    _rand_init                                - Undefined Weak Reference
    _signal_finish                            - Undefined Weak Reference
    _signal_init                              - Undefined Weak Reference
    __Vectors_Size                           0x00000130   Number         0  startup_stm32f10x_hd.o ABSOLUTE
    __Vectors                                0x08000000   Data           4  startup_stm32f10x_hd.o(RESET)
    __Vectors_End                            0x08000130   Data           0  startup_stm32f10x_hd.o(RESET)
    __main                                   0x08000131   Thumb Code     8  __main.o(!!!main)
    __scatterload                            0x08000139   Thumb Code     0  __scatter.o(!!!scatter)
    __scatterload_rt2                        0x08000139   Thumb Code    44  __scatter.o(!!!scatter)
    __scatterload_rt2_thumb_only             0x08000139   Thumb Code     0  __scatter.o(!!!scatter)
    __scatterload_null                       0x08000147   Thumb Code     0  __scatter.o(!!!scatter)
    __scatterload_copy                       0x0800016d   Thumb Code    26  __scatter_copy.o(!!handler_copy)
    __scatterload_zeroinit                   0x08000189   Thumb Code    28  __scatter_zi.o(!!handler_zi)
    _printf_d                                0x080001a5   Thumb Code     0  _printf_d.o(.ARM.Collect$$_printf_percent$$00000009)
    _printf_percent                          0x080001a5   Thumb Code     0  _printf_percent.o(.ARM.Collect$$_printf_percent$$00000000)
    _printf_x                                0x080001ab   Thumb Code     0  _printf_x.o(.ARM.Collect$$_printf_percent$$0000000C)
    _printf_percent_end                      0x080001b1   Thumb Code     0  _printf_percent_end.o(.ARM.Collect$$_printf_percent$$00000017)
    __rt_lib_init                            0x080001b5   Thumb Code     0  libinit.o(.ARM.Collect$$libinit$$00000000)
    __rt_lib_init_fp_1                       0x080001b7   Thumb Code     0  libinit2.o(.ARM.Collect$$libinit$$00000002)
    __rt_lib_init_heap_2                     0x080001b7   Thumb Code     0  libinit2.o(.ARM.Collect$$libinit$$00000005)
    __rt_lib_init_preinit_1                  0x080001b7   Thumb Code     0  libinit2.o(.ARM.Collect$$libinit$$00000004)
    __rt_lib_init_atexit_1                   0x080001bf   Thumb Code     0  libinit2.o(.ARM.Collect$$libinit$$0000001B)
    __rt_lib_init_clock_1                    0x080001bf   Thumb Code     0  libinit2.o(.ARM.Collect$$libinit$$00000021)
    __rt_lib_init_fp_trap_1                  0x080001bf   Thumb Code     0  libinit2.o(.ARM.Collect$$libinit$$0000001F)
    __rt_lib_init_getenv_1                   0x080001bf   Thumb Code     0  libinit2.o(.ARM.Collect$$libinit$$00000023)
    __rt_lib_init_heap_1                     0x080001bf   Thumb Code     0  libinit2.o(.ARM.Collect$$libinit$$0000000A)
    __rt_lib_init_lc_collate_1               0x080001bf   Thumb Code     0  libinit2.o(.ARM.Collect$$libinit$$00000011)
    __rt_lib_init_lc_ctype_1                 0x080001bf   Thumb Code     0  libinit2.o(.ARM.Collect$$libinit$$00000013)
    __rt_lib_init_lc_monetary_1              0x080001bf   Thumb Code     0  libinit2.o(.ARM.Collect$$libinit$$00000015)
    __rt_lib_init_lc_numeric_1               0x080001bf   Thumb Code     0  libinit2.o(.ARM.Collect$$libinit$$00000017)
    __rt_lib_init_lc_time_1                  0x080001bf   Thumb Code     0  libinit2.o(.ARM.Collect$$libinit$$00000019)
    __rt_lib_init_rand_1                     0x080001bf   Thumb Code     0  libinit2.o(.ARM.Collect$$libinit$$0000000E)
    __rt_lib_init_signal_1                   0x080001bf   Thumb Code     0  libinit2.o(.ARM.Collect$$libinit$$0000001D)
    __rt_lib_init_stdio_2                    0x080001bf   Thumb Code     0  libinit2.o(.ARM.Collect$$libinit$$00000024)
    __rt_lib_init_user_alloc_1               0x080001bf   Thumb Code     0  libinit2.o(.ARM.Collect$$libinit$$0000000C)
    __rt_lib_init_alloca_1                   0x080001c3   Thumb Code     0  libinit2.o(.ARM.Collect$$libinit$$0000002E)
    __rt_lib_init_argv_1                     0x080001c3   Thumb Code     0  libinit2.o(.ARM.Collect$$libinit$$0000002C)
    __rt_lib_init_cpp_1                      0x080001c3   Thumb Code     0  libinit2.o(.ARM.Collect$$libinit$$00000032)
    __rt_lib_init_exceptions_1               0x080001c3   Thumb Code     0  libinit2.o(.ARM.Collect$$libinit$$00000030)
    __rt_lib_init_return                     0x080001c3   Thumb Code     0  libinit2.o(.ARM.Collect$$libinit$$00000033)
    __rt_lib_init_stdio_1                    0x080001c3   Thumb Code     0  libinit2.o(.ARM.Collect$$libinit$$00000025)
    __rt_lib_shutdown                        0x080001c5   Thumb Code     0  libshutdown.o(.ARM.Collect$$libshutdown$$00000000)
    __rt_lib_shutdown_cpp_1                  0x080001c7   Thumb Code     0  libshutdown2.o(.ARM.Collect$$libshutdown$$00000002)
    __rt_lib_shutdown_stdio_2                0x080001c7   Thumb Code     0  libshutdown2.o(.ARM.Collect$$libshutdown$$00000003)
    __rt_lib_shutdown_fp_trap_1              0x080001cb   Thumb Code     0  libshutdown2.o(.ARM.Collect$$libshutdown$$00000007)
    __rt_lib_shutdown_heap_1                 0x080001cb   Thumb Code     0  libshutdown2.o(.ARM.Collect$$libshutdown$$0000000F)
    __rt_lib_shutdown_return                 0x080001cb   Thumb Code     0  libshutdown2.o(.ARM.Collect$$libshutdown$$00000010)
    __rt_lib_shutdown_signal_1               0x080001cb   Thumb Code     0  libshutdown2.o(.ARM.Collect$$libshutdown$$0000000A)
    __rt_lib_shutdown_stdio_1                0x080001cb   Thumb Code     0  libshutdown2.o(.ARM.Collect$$libshutdown$$00000004)
    __rt_lib_shutdown_user_alloc_1           0x080001cb   Thumb Code     0  libshutdown2.o(.ARM.Collect$$libshutdown$$0000000C)
    __rt_entry                               0x080001cd   Thumb Code     0  __rtentry.o(.ARM.Collect$$rtentry$$00000000)
    __rt_entry_presh_1                       0x080001cd   Thumb Code     0  __rtentry2.o(.ARM.Collect$$rtentry$$00000002)
    __rt_entry_sh                            0x080001cd   Thumb Code     0  __rtentry4.o(.ARM.Collect$$rtentry$$00000004)
    __rt_entry_li                            0x080001d3   Thumb Code     0  __rtentry2.o(.ARM.Collect$$rtentry$$0000000A)
    __rt_entry_postsh_1                      0x080001d3   Thumb Code     0  __rtentry2.o(.ARM.Collect$$rtentry$$00000009)
    __rt_entry_main                          0x080001d7   Thumb Code     0  __rtentry2.o(.ARM.Collect$$rtentry$$0000000D)
    __rt_entry_postli_1                      0x080001d7   Thumb Code     0  __rtentry2.o(.ARM.Collect$$rtentry$$0000000C)
    __rt_exit                                0x080001df   Thumb Code     0  rtexit.o(.ARM.Collect$$rtexit$$00000000)
    __rt_exit_ls                             0x080001e1   Thumb Code     0  rtexit2.o(.ARM.Collect$$rtexit$$00000003)
    __rt_exit_prels_1                        0x080001e1   Thumb Code     0  rtexit2.o(.ARM.Collect$$rtexit$$00000002)
    __rt_exit_exit                           0x080001e5   Thumb Code     0  rtexit2.o(.ARM.Collect$$rtexit$$00000004)
    Reset_Handler                            0x080001ed   Thumb Code     8  startup_stm32f10x_hd.o(.text)
    _maybe_terminate_alloc                   0x080001ed   Thumb Code     0  maybetermalloc1.o(.emb_text)
    ADC1_2_IRQHandler                        0x08000207   Thumb Code     0  startup_stm32f10x_hd.o(.text)
    ADC3_IRQHandler                          0x08000207   Thumb Code     0  startup_stm32f10x_hd.o(.text)
    CAN1_RX1_IRQHandler                      0x08000207   Thumb Code     0  startup_stm32f10x_hd.o(.text)
    CAN1_SCE_IRQHandler                      0x08000207   Thumb Code     0  startup_stm32f10x_hd.o(.text)
    DMA1_Channel1_IRQHandler                 0x08000207   Thumb Code     0  startup_stm32f10x_hd.o(.text)
    DMA1_Channel2_IRQHandler                 0x08000207   Thumb Code     0  startup_stm32f10x_hd.o(.text)
    DMA1_Channel3_IRQHandler                 0x08000207   Thumb Code     0  startup_stm32f10x_hd.o(.text)
    DMA1_Channel4_IRQHandler                 0x08000207   Thumb Code     0  startup_stm32f10x_hd.o(.text)
    DMA1_Channel5_IRQHandler                 0x08000207   Thumb Code     0  startup_stm32f10x_hd.o(.text)
    DMA1_Channel6_IRQHandler                 0x08000207   Thumb Code     0  startup_stm32f10x_hd.o(.text)
    DMA1_Channel7_IRQHandler                 0x08000207   Thumb Code     0  startup_stm32f10x_hd.o(.text)
    DMA2_Channel1_IRQHandler                 0x08000207   Thumb Code     0  startup_stm32f10x_hd.o(.text)
    DMA2_Channel2_IRQHandler                 0x08000207   Thumb Code     0  startup_stm32f10x_hd.o(.text)
    DMA2_Channel3_IRQHandler                 0x08000207   Thumb Code     0  startup_stm32f10x_hd.o(.text)
    DMA2_Channel4_5_IRQHandler               0x08000207   Thumb Code     0  startup_stm32f10x_hd.o(.text)
    EXTI0_IRQHandler                         0x08000207   Thumb Code     0  startup_stm32f10x_hd.o(.text)
    EXTI15_10_IRQHandler                     0x08000207   Thumb Code     0  startup_stm32f10x_hd.o(.text)
    EXTI1_IRQHandler                         0x08000207   Thumb Code     0  startup_stm32f10x_hd.o(.text)
    EXTI2_IRQHandler                         0x08000207   Thumb Code     0  startup_stm32f10x_hd.o(.text)
    EXTI3_IRQHandler                         0x08000207   Thumb Code     0  startup_stm32f10x_hd.o(.text)
    EXTI4_IRQHandler                         0x08000207   Thumb Code     0  startup_stm32f10x_hd.o(.text)
    EXTI9_5_IRQHandler                       0x08000207   Thumb Code     0  startup_stm32f10x_hd.o(.text)
    FLASH_IRQHandler                         0x08000207   Thumb Code     0  startup_stm32f10x_hd.o(.text)
    FSMC_IRQHandler                          0x08000207   Thumb Code     0  startup_stm32f10x_hd.o(.text)
    I2C1_ER_IRQHandler                       0x08000207   Thumb Code     0  startup_stm32f10x_hd.o(.text)
    I2C1_EV_IRQHandler                       0x08000207   Thumb Code     0  startup_stm32f10x_hd.o(.text)
    I2C2_ER_IRQHandler                       0x08000207   Thumb Code     0  startup_stm32f10x_hd.o(.text)
    I2C2_EV_IRQHandler                       0x08000207   Thumb Code     0  startup_stm32f10x_hd.o(.text)
    PVD_IRQHandler                           0x08000207   Thumb Code     0  startup_stm32f10x_hd.o(.text)
    RCC_IRQHandler                           0x08000207   Thumb Code     0  startup_stm32f10x_hd.o(.text)
    RTCAlarm_IRQHandler                      0x08000207   Thumb Code     0  startup_stm32f10x_hd.o(.text)
    RTC_IRQHandler                           0x08000207   Thumb Code     0  startup_stm32f10x_hd.o(.text)
    SDIO_IRQHandler                          0x08000207   Thumb Code     0  startup_stm32f10x_hd.o(.text)
    SPI1_IRQHandler                          0x08000207   Thumb Code     0  startup_stm32f10x_hd.o(.text)
    SPI2_IRQHandler                          0x08000207   Thumb Code     0  startup_stm32f10x_hd.o(.text)
    SPI3_IRQHandler                          0x08000207   Thumb Code     0  startup_stm32f10x_hd.o(.text)
    TAMPER_IRQHandler                        0x08000207   Thumb Code     0  startup_stm32f10x_hd.o(.text)
    TIM1_BRK_IRQHandler                      0x08000207   Thumb Code     0  startup_stm32f10x_hd.o(.text)
    TIM1_CC_IRQHandler                       0x08000207   Thumb Code     0  startup_stm32f10x_hd.o(.text)
    TIM1_TRG_COM_IRQHandler                  0x08000207   Thumb Code     0  startup_stm32f10x_hd.o(.text)
    TIM1_UP_IRQHandler                       0x08000207   Thumb Code     0  startup_stm32f10x_hd.o(.text)
    TIM2_IRQHandler                          0x08000207   Thumb Code     0  startup_stm32f10x_hd.o(.text)
    TIM3_IRQHandler                          0x08000207   Thumb Code     0  startup_stm32f10x_hd.o(.text)
    TIM4_IRQHandler                          0x08000207   Thumb Code     0  startup_stm32f10x_hd.o(.text)
    TIM5_IRQHandler                          0x08000207   Thumb Code     0  startup_stm32f10x_hd.o(.text)
    TIM6_IRQHandler                          0x08000207   Thumb Code     0  startup_stm32f10x_hd.o(.text)
    TIM7_IRQHandler                          0x08000207   Thumb Code     0  startup_stm32f10x_hd.o(.text)
    TIM8_BRK_IRQHandler                      0x08000207   Thumb Code     0  startup_stm32f10x_hd.o(.text)
    TIM8_CC_IRQHandler                       0x08000207   Thumb Code     0  startup_stm32f10x_hd.o(.text)
    TIM8_TRG_COM_IRQHandler                  0x08000207   Thumb Code     0  startup_stm32f10x_hd.o(.text)
    TIM8_UP_IRQHandler                       0x08000207   Thumb Code     0  startup_stm32f10x_hd.o(.text)
    UART4_IRQHandler                         0x08000207   Thumb Code     0  startup_stm32f10x_hd.o(.text)
    UART5_IRQHandler                         0x08000207   Thumb Code     0  startup_stm32f10x_hd.o(.text)
    USART1_IRQHandler                        0x08000207   Thumb Code     0  startup_stm32f10x_hd.o(.text)
    USART3_IRQHandler                        0x08000207   Thumb Code     0  startup_stm32f10x_hd.o(.text)
    USBWakeUp_IRQHandler                     0x08000207   Thumb Code     0  startup_stm32f10x_hd.o(.text)
    USB_HP_CAN1_TX_IRQHandler                0x08000207   Thumb Code     0  startup_stm32f10x_hd.o(.text)
    USB_LP_CAN1_RX0_IRQHandler               0x08000207   Thumb Code     0  startup_stm32f10x_hd.o(.text)
    WWDG_IRQHandler                          0x08000207   Thumb Code     0  startup_stm32f10x_hd.o(.text)
    __user_initial_stackheap                 0x08000209   Thumb Code     0  startup_stm32f10x_hd.o(.text)
    malloc                                   0x0800022d   Thumb Code    94  h1_alloc.o(.text)
    free                                     0x0800028b   Thumb Code    78  h1_free.o(.text)
    __2printf                                0x080002d9   Thumb Code    20  noretval__2printf.o(.text)
    __printf                                 0x080002f1   Thumb Code   104  __printf.o(.text)
    _printf_int_dec                          0x08000359   Thumb Code   104  _printf_dec.o(.text)
    _printf_int_hex                          0x080003d1   Thumb Code    84  _printf_hex_int.o(.text)
    _printf_longlong_hex                     0x080003d1   Thumb Code     0  _printf_hex_int.o(.text)
    __aeabi_memcpy                           0x08000429   Thumb Code     0  rt_memcpy_v6.o(.text)
    __rt_memcpy                              0x08000429   Thumb Code   138  rt_memcpy_v6.o(.text)
    _memcpy_lastbytes                        0x0800048f   Thumb Code     0  rt_memcpy_v6.o(.text)
    __aeabi_memclr4                          0x080004b3   Thumb Code     0  rt_memclr_w.o(.text)
    __aeabi_memclr8                          0x080004b3   Thumb Code     0  rt_memclr_w.o(.text)
    __rt_memclr_w                            0x080004b3   Thumb Code    78  rt_memclr_w.o(.text)
    _memset_w                                0x080004b7   Thumb Code     0  rt_memclr_w.o(.text)
    __use_two_region_memory                  0x08000501   Thumb Code     2  heapauxi.o(.text)
    __rt_heap_escrow                         0x08000503   Thumb Code     2  heapauxi.o(.text)
    __rt_heap_expand                         0x08000505   Thumb Code     2  heapauxi.o(.text)
    __rt_heap_descriptor                     0x08000509   Thumb Code     8  rt_heap_descriptor_intlibspace.o(.text)
    __use_no_heap                            0x08000511   Thumb Code     2  hguard.o(.text)
    __heap$guard                             0x08000513   Thumb Code     2  hguard.o(.text)
    _terminate_user_alloc                    0x08000515   Thumb Code     2  init_alloc.o(.text)
    _init_user_alloc                         0x08000517   Thumb Code     2  init_alloc.o(.text)
    __Heap_Full                              0x08000519   Thumb Code    34  init_alloc.o(.text)
    __Heap_Broken                            0x0800053b   Thumb Code     6  init_alloc.o(.text)
    _init_alloc                              0x08000541   Thumb Code    94  init_alloc.o(.text)
    __Heap_Initialize                        0x0800059f   Thumb Code    10  h1_init.o(.text)
    __Heap_DescSize                          0x080005a9   Thumb Code     4  h1_init.o(.text)
    _printf_int_common                       0x080005ad   Thumb Code   178  _printf_intcommon.o(.text)
    _printf_char_file                        0x08000661   Thumb Code    32  _printf_char_file.o(.text)
    __aeabi_memcpy4                          0x08000685   Thumb Code     0  rt_memcpy_w.o(.text)
    __aeabi_memcpy8                          0x08000685   Thumb Code     0  rt_memcpy_w.o(.text)
    __rt_memcpy_w                            0x08000685   Thumb Code   100  rt_memcpy_w.o(.text)
    _memcpy_lastbytes_aligned                0x080006cd   Thumb Code     0  rt_memcpy_w.o(.text)
    __user_libspace                          0x080006e9   Thumb Code     8  libspace.o(.text)
    __user_perproc_libspace                  0x080006e9   Thumb Code     0  libspace.o(.text)
    __user_perthread_libspace                0x080006e9   Thumb Code     0  libspace.o(.text)
    __Heap_ProvideMemory                     0x080006f1   Thumb Code    52  h1_extend.o(.text)
    _printf_char_common                      0x0800072f   Thumb Code    32  _printf_char_common.o(.text)
    ferror                                   0x08000755   Thumb Code     8  ferror.o(.text)
    _initio                                  0x0800075d   Thumb Code   210  initio.o(.text)
    _terminateio                             0x0800082f   Thumb Code    56  initio.o(.text)
    __rt_SIGRTMEM                            0x08000895   Thumb Code    14  defsig_rtmem_outer.o(.text)
    _sys_open                                0x080008a3   Thumb Code    20  sys_io.o(.text)
    _sys_close                               0x080008b7   Thumb Code    12  sys_io.o(.text)
    _sys_write                               0x080008c3   Thumb Code    16  sys_io.o(.text)
    _sys_read                                0x080008d3   Thumb Code    14  sys_io.o(.text)
    _sys_istty                               0x080008e1   Thumb Code    12  sys_io.o(.text)
    _sys_seek                                0x080008ed   Thumb Code    14  sys_io.o(.text)
    _sys_ensure                              0x080008fb   Thumb Code     2  sys_io.o(.text)
    _sys_flen                                0x080008fd   Thumb Code    12  sys_io.o(.text)
    __I$use$semihosting                      0x08000909   Thumb Code     0  use_no_semi.o(.text)
    __use_no_semihosting_swi                 0x08000909   Thumb Code     2  use_no_semi.o(.text)
    __semihosting_library_function           0x0800090b   Thumb Code     0  indicate_semi.o(.text)
    __user_setup_stackheap                   0x0800090b   Thumb Code    74  sys_stackheap_outer.o(.text)
    setvbuf                                  0x08000955   Thumb Code    70  setvbuf.o(.text)
    freopen                                  0x0800099d   Thumb Code   158  fopen.o(.text)
    fopen                                    0x08000a3b   Thumb Code    74  fopen.o(.text)
    _fclose_internal                         0x08000a89   Thumb Code    76  fclose.o(.text)
    fclose                                   0x08000a89   Thumb Code     0  fclose.o(.text)
    exit                                     0x08000ad5   Thumb Code    18  exit.o(.text)
    __sig_exit                               0x08000ae7   Thumb Code    10  defsig_exit.o(.text)
    __rt_SIGRTRED                            0x08000af1   Thumb Code    14  defsig_rtred_outer.o(.text)
    __rt_SIGRTMEM_inner                      0x08000b01   Thumb Code    22  defsig_rtmem_inner.o(.text)
    _sys_exit                                0x08000b51   Thumb Code     8  sys_exit.o(.text)
    _fseek                                   0x08000b5d   Thumb Code   242  fseek.o(.text)
    fseek                                    0x08000b5d   Thumb Code     0  fseek.o(.text)
    _seterr                                  0x08000c55   Thumb Code    20  stdio.o(.text)
    _writebuf                                0x08000c69   Thumb Code    84  stdio.o(.text)
    _fflush                                  0x08000cbd   Thumb Code    70  stdio.o(.text)
    _deferredlazyseek                        0x08000d03   Thumb Code    60  stdio.o(.text)
    __default_signal_display                 0x08000d45   Thumb Code    50  defsig_general.o(.text)
    __rt_SIGRTRED_inner                      0x08000d79   Thumb Code    14  defsig_rtred_inner.o(.text)
    strlen                                   0x08000dad   Thumb Code    62  strlen.o(.text)
    _ttywrch                                 0x08000deb   Thumb Code    14  sys_wrch.o(.text)
    _ftell_internal                          0x08000df9   Thumb Code    66  ftell.o(.text)
    ftell                                    0x08000df9   Thumb Code     0  ftell.o(.text)
    __aeabi_errno_addr                       0x08000e3d   Thumb Code     8  rt_errno_addr_intlibspace.o(.text)
    __errno$intlibspace                      0x08000e3d   Thumb Code     0  rt_errno_addr_intlibspace.o(.text)
    __rt_errno_addr$intlibspace              0x08000e3d   Thumb Code     0  rt_errno_addr_intlibspace.o(.text)
    BusFault_Handler                         0x08000e45   Thumb Code     4  stm32f10x_it.o(i.BusFault_Handler)
    CycQueueIn                               0x08000e49   Thumb Code    56  queue.o(i.CycQueueIn)
    CycQueueInit                             0x08000e81   Thumb Code    36  queue.o(i.CycQueueInit)
    CycQueueIsEmpty                          0x08000ea5   Thumb Code    16  queue.o(i.CycQueueIsEmpty)
    CycQueueOut                              0x08000eb5   Thumb Code    44  queue.o(i.CycQueueOut)
    DebugMon_Handler                         0x08000ee1   Thumb Code     2  stm32f10x_it.o(i.DebugMon_Handler)
    GPIO_Init                                0x08000ee3   Thumb Code   278  stm32f10x_gpio.o(i.GPIO_Init)
    HAL_IncTick                              0x08000ff9   Thumb Code    12  systick.o(i.HAL_IncTick)
    HardFault_Handler                        0x08001009   Thumb Code     4  stm32f10x_it.o(i.HardFault_Handler)
    MemManage_Handler                        0x0800100d   Thumb Code     4  stm32f10x_it.o(i.MemManage_Handler)
    NMI_Handler                              0x08001011   Thumb Code     2  stm32f10x_it.o(i.NMI_Handler)
    NVIC_Init                                0x08001015   Thumb Code   100  misc.o(i.NVIC_Init)
    NVIC_PriorityGroupConfig                 0x08001085   Thumb Code    10  misc.o(i.NVIC_PriorityGroupConfig)
    PendSV_Handler                           0x08001099   Thumb Code     2  stm32f10x_it.o(i.PendSV_Handler)
    RCC_APB1PeriphClockCmd                   0x0800109d   Thumb Code    26  stm32f10x_rcc.o(i.RCC_APB1PeriphClockCmd)
    RCC_APB1PeriphResetCmd                   0x080010bd   Thumb Code    26  stm32f10x_rcc.o(i.RCC_APB1PeriphResetCmd)
    RCC_APB2PeriphClockCmd                   0x080010dd   Thumb Code    26  stm32f10x_rcc.o(i.RCC_APB2PeriphClockCmd)
    RCC_APB2PeriphResetCmd                   0x080010fd   Thumb Code    26  stm32f10x_rcc.o(i.RCC_APB2PeriphResetCmd)
    RCC_GetClocksFreq                        0x0800111d   Thumb Code   192  stm32f10x_rcc.o(i.RCC_GetClocksFreq)
    SVC_Handler                              0x080011f1   Thumb Code     2  stm32f10x_it.o(i.SVC_Handler)
    SysTick_CLKSourceConfig                  0x080012dd   Thumb Code    40  misc.o(i.SysTick_CLKSourceConfig)
    SysTick_Handler                          0x08001305   Thumb Code     8  stm32f10x_it.o(i.SysTick_Handler)
    SystemInit                               0x0800130d   Thumb Code    78  system_stm32f10x.o(i.SystemInit)
    USART2_IRQHandler                        0x0800136d   Thumb Code    44  stm32f10x_it.o(i.USART2_IRQHandler)
    USART_ClearITPendingBit                  0x080013a1   Thumb Code    30  stm32f10x_usart.o(i.USART_ClearITPendingBit)
    USART_Cmd                                0x080013bf   Thumb Code    24  stm32f10x_usart.o(i.USART_Cmd)
    USART_DeInit                             0x080013d9   Thumb Code   134  stm32f10x_usart.o(i.USART_DeInit)
    USART_GetFlagStatus                      0x08001475   Thumb Code    26  stm32f10x_usart.o(i.USART_GetFlagStatus)
    USART_GetITStatus                        0x0800148f   Thumb Code    84  stm32f10x_usart.o(i.USART_GetITStatus)
    USART_ITConfig                           0x080014e3   Thumb Code    74  stm32f10x_usart.o(i.USART_ITConfig)
    USART_Init                               0x0800152d   Thumb Code   210  stm32f10x_usart.o(i.USART_Init)
    USART_ReceiveData                        0x08001605   Thumb Code    10  stm32f10x_usart.o(i.USART_ReceiveData)
    USART_SendData                           0x0800160f   Thumb Code     8  stm32f10x_usart.o(i.USART_SendData)
    UsageFault_Handler                       0x08001617   Thumb Code     4  stm32f10x_it.o(i.UsageFault_Handler)
    cmd_handle                               0x0800161d   Thumb Code    28  data_handle.o(i.cmd_handle)
    delay_init                               0x0800163d   Thumb Code    52  delay.o(i.delay_init)
    fputc                                    0x08001679   Thumb Code    32  uart.o(i.fputc)
    frame_data_prase                         0x0800169d   Thumb Code   412  data_handle.o(i.frame_data_prase)
    get_check_sum                            0x080018b5   Thumb Code    28  uart.o(i.get_check_sum)
    main                                     0x080018d1   Thumb Code    38  main.o(i.main)
    uart2_init                               0x080018fd   Thumb Code   162  uart.o(i.uart2_init)
    uart3_init                               0x080019a9   Thumb Code   176  uart.o(i.uart3_init)
    write_cmd_handle                         0x08001a61   Thumb Code     2  data_handle.o(i.write_cmd_handle)
    __stdin_name                             0x08001a8a   Data           4  sys_io.o(.constdata)
    __stdout_name                            0x08001a8e   Data           4  sys_io.o(.constdata)
    __stderr_name                            0x08001a92   Data           4  sys_io.o(.constdata)
    Region$$Table$$Base                      0x08001a98   Number         0  anon$$obj.o(Region$$Table)
    Region$$Table$$Limit                     0x08001ab8   Number         0  anon$$obj.o(Region$$Table)
    offset                                   0x20000000   Data           1  data_handle.o(.data)
    rx_index                                 0x20000001   Data           1  data_handle.o(.data)
    rx_frame_len                             0x20000002   Data           1  data_handle.o(.data)
    frame_data_len                           0x20000003   Data           1  data_handle.o(.data)
    q                                        0x20000008   Data           4  main.o(.data)
    __aeabi_stdin                            0x20000024   Data           4  stdio_streams.o(.data)
    __aeabi_stdout                           0x20000028   Data           4  stdio_streams.o(.data)
    __aeabi_stderr                           0x2000002c   Data           4  stdio_streams.o(.data)
    uart_rx_buf                              0x20000030   Data         255  data_handle.o(.bss)
    data_handle_buf                          0x2000012f   Data          50  data_handle.o(.bss)
    __stdin                                  0x20000164   Data          84  stdio_streams.o(.bss)
    __stdout                                 0x200001b8   Data          84  stdio_streams.o(.bss)
    __stderr                                 0x2000020c   Data          84  stdio_streams.o(.bss)
    __libspace_start                         0x20000260   Data          96  libspace.o(.bss)
    __temporary_stack_top$libspace           0x200002c0   Data           0  libspace.o(.bss)



==============================================================================

Memory Map of the image

  Image Entry point : 0x08000131

  Load Region LR_IROM1 (Base: 0x08000000, Size: 0x00001ae8, Max: 0x00080000, ABSOLUTE)

    Execution Region ER_IROM1 (Base: 0x08000000, Size: 0x00001ab8, Max: 0x00080000, ABSOLUTE)

    Base Addr    Size         Type   Attr      Idx    E Section Name        Object

    0x08000000   0x00000130   Data   RO         1353    RESET               startup_stm32f10x_hd.o
    0x08000130   0x00000008   Code   RO         1526  * !!!main             c_w.l(__main.o)
    0x08000138   0x00000034   Code   RO         1785    !!!scatter          c_w.l(__scatter.o)
    0x0800016c   0x0000001a   Code   RO         1787    !!handler_copy      c_w.l(__scatter_copy.o)
    0x08000186   0x00000002   PAD
    0x08000188   0x0000001c   Code   RO         1789    !!handler_zi        c_w.l(__scatter_zi.o)
    0x080001a4   0x00000000   Code   RO         1519    .ARM.Collect$$_printf_percent$$00000000  c_w.l(_printf_percent.o)
    0x080001a4   0x00000006   Code   RO         1518    .ARM.Collect$$_printf_percent$$00000009  c_w.l(_printf_d.o)
    0x080001aa   0x00000006   Code   RO         1517    .ARM.Collect$$_printf_percent$$0000000C  c_w.l(_printf_x.o)
    0x080001b0   0x00000004   Code   RO         1560    .ARM.Collect$$_printf_percent$$00000017  c_w.l(_printf_percent_end.o)
    0x080001b4   0x00000002   Code   RO         1711    .ARM.Collect$$libinit$$00000000  c_w.l(libinit.o)
    0x080001b6   0x00000000   Code   RO         1572    .ARM.Collect$$libinit$$00000002  c_w.l(libinit2.o)
    0x080001b6   0x00000000   Code   RO         1574    .ARM.Collect$$libinit$$00000004  c_w.l(libinit2.o)
    0x080001b6   0x00000008   Code   RO         1575    .ARM.Collect$$libinit$$00000005  c_w.l(libinit2.o)
    0x080001be   0x00000000   Code   RO         1577    .ARM.Collect$$libinit$$0000000A  c_w.l(libinit2.o)
    0x080001be   0x00000000   Code   RO         1579    .ARM.Collect$$libinit$$0000000C  c_w.l(libinit2.o)
    0x080001be   0x00000000   Code   RO         1581    .ARM.Collect$$libinit$$0000000E  c_w.l(libinit2.o)
    0x080001be   0x00000000   Code   RO         1584    .ARM.Collect$$libinit$$00000011  c_w.l(libinit2.o)
    0x080001be   0x00000000   Code   RO         1586    .ARM.Collect$$libinit$$00000013  c_w.l(libinit2.o)
    0x080001be   0x00000000   Code   RO         1588    .ARM.Collect$$libinit$$00000015  c_w.l(libinit2.o)
    0x080001be   0x00000000   Code   RO         1590    .ARM.Collect$$libinit$$00000017  c_w.l(libinit2.o)
    0x080001be   0x00000000   Code   RO         1592    .ARM.Collect$$libinit$$00000019  c_w.l(libinit2.o)
    0x080001be   0x00000000   Code   RO         1594    .ARM.Collect$$libinit$$0000001B  c_w.l(libinit2.o)
    0x080001be   0x00000000   Code   RO         1596    .ARM.Collect$$libinit$$0000001D  c_w.l(libinit2.o)
    0x080001be   0x00000000   Code   RO         1598    .ARM.Collect$$libinit$$0000001F  c_w.l(libinit2.o)
    0x080001be   0x00000000   Code   RO         1600    .ARM.Collect$$libinit$$00000021  c_w.l(libinit2.o)
    0x080001be   0x00000000   Code   RO         1602    .ARM.Collect$$libinit$$00000023  c_w.l(libinit2.o)
    0x080001be   0x00000004   Code   RO         1603    .ARM.Collect$$libinit$$00000024  c_w.l(libinit2.o)
    0x080001c2   0x00000000   Code   RO         1604    .ARM.Collect$$libinit$$00000025  c_w.l(libinit2.o)
    0x080001c2   0x00000000   Code   RO         1608    .ARM.Collect$$libinit$$0000002C  c_w.l(libinit2.o)
    0x080001c2   0x00000000   Code   RO         1610    .ARM.Collect$$libinit$$0000002E  c_w.l(libinit2.o)
    0x080001c2   0x00000000   Code   RO         1612    .ARM.Collect$$libinit$$00000030  c_w.l(libinit2.o)
    0x080001c2   0x00000000   Code   RO         1614    .ARM.Collect$$libinit$$00000032  c_w.l(libinit2.o)
    0x080001c2   0x00000002   Code   RO         1615    .ARM.Collect$$libinit$$00000033  c_w.l(libinit2.o)
    0x080001c4   0x00000002   Code   RO         1782    .ARM.Collect$$libshutdown$$00000000  c_w.l(libshutdown.o)
    0x080001c6   0x00000000   Code   RO         1713    .ARM.Collect$$libshutdown$$00000002  c_w.l(libshutdown2.o)
    0x080001c6   0x00000004   Code   RO         1714    .ARM.Collect$$libshutdown$$00000003  c_w.l(libshutdown2.o)
    0x080001ca   0x00000000   Code   RO         1715    .ARM.Collect$$libshutdown$$00000004  c_w.l(libshutdown2.o)
    0x080001ca   0x00000000   Code   RO         1718    .ARM.Collect$$libshutdown$$00000007  c_w.l(libshutdown2.o)
    0x080001ca   0x00000000   Code   RO         1721    .ARM.Collect$$libshutdown$$0000000A  c_w.l(libshutdown2.o)
    0x080001ca   0x00000000   Code   RO         1723    .ARM.Collect$$libshutdown$$0000000C  c_w.l(libshutdown2.o)
    0x080001ca   0x00000000   Code   RO         1726    .ARM.Collect$$libshutdown$$0000000F  c_w.l(libshutdown2.o)
    0x080001ca   0x00000002   Code   RO         1727    .ARM.Collect$$libshutdown$$00000010  c_w.l(libshutdown2.o)
    0x080001cc   0x00000000   Code   RO         1530    .ARM.Collect$$rtentry$$00000000  c_w.l(__rtentry.o)
    0x080001cc   0x00000000   Code   RO         1622    .ARM.Collect$$rtentry$$00000002  c_w.l(__rtentry2.o)
    0x080001cc   0x00000006   Code   RO         1634    .ARM.Collect$$rtentry$$00000004  c_w.l(__rtentry4.o)
    0x080001d2   0x00000000   Code   RO         1624    .ARM.Collect$$rtentry$$00000009  c_w.l(__rtentry2.o)
    0x080001d2   0x00000004   Code   RO         1625    .ARM.Collect$$rtentry$$0000000A  c_w.l(__rtentry2.o)
    0x080001d6   0x00000000   Code   RO         1627    .ARM.Collect$$rtentry$$0000000C  c_w.l(__rtentry2.o)
    0x080001d6   0x00000008   Code   RO         1628    .ARM.Collect$$rtentry$$0000000D  c_w.l(__rtentry2.o)
    0x080001de   0x00000002   Code   RO         1730    .ARM.Collect$$rtexit$$00000000  c_w.l(rtexit.o)
    0x080001e0   0x00000000   Code   RO         1751    .ARM.Collect$$rtexit$$00000002  c_w.l(rtexit2.o)
    0x080001e0   0x00000004   Code   RO         1752    .ARM.Collect$$rtexit$$00000003  c_w.l(rtexit2.o)
    0x080001e4   0x00000006   Code   RO         1753    .ARM.Collect$$rtexit$$00000004  c_w.l(rtexit2.o)
    0x080001ea   0x00000002   PAD
    0x080001ec   0x00000000   Code   RO         1638    .emb_text           c_w.l(maybetermalloc1.o)
    0x080001ec   0x00000040   Code   RO         1354    .text               startup_stm32f10x_hd.o
    0x0800022c   0x0000005e   Code   RO         1410    .text               c_w.l(h1_alloc.o)
    0x0800028a   0x0000004e   Code   RO         1412    .text               c_w.l(h1_free.o)
    0x080002d8   0x00000018   Code   RO         1470    .text               c_w.l(noretval__2printf.o)
    0x080002f0   0x00000068   Code   RO         1472    .text               c_w.l(__printf.o)
    0x08000358   0x00000078   Code   RO         1474    .text               c_w.l(_printf_dec.o)
    0x080003d0   0x00000058   Code   RO         1479    .text               c_w.l(_printf_hex_int.o)
    0x08000428   0x0000008a   Code   RO         1520    .text               c_w.l(rt_memcpy_v6.o)
    0x080004b2   0x0000004e   Code   RO         1522    .text               c_w.l(rt_memclr_w.o)
    0x08000500   0x00000006   Code   RO         1524    .text               c_w.l(heapauxi.o)
    0x08000506   0x00000002   PAD
    0x08000508   0x00000008   Code   RO         1534    .text               c_w.l(rt_heap_descriptor_intlibspace.o)
    0x08000510   0x00000004   Code   RO         1536    .text               c_w.l(hguard.o)
    0x08000514   0x0000008a   Code   RO         1538    .text               c_w.l(init_alloc.o)
    0x0800059e   0x0000000e   Code   RO         1542    .text               c_w.l(h1_init.o)
    0x080005ac   0x000000b2   Code   RO         1556    .text               c_w.l(_printf_intcommon.o)
    0x0800065e   0x00000002   PAD
    0x08000660   0x00000024   Code   RO         1558    .text               c_w.l(_printf_char_file.o)
    0x08000684   0x00000064   Code   RO         1567    .text               c_w.l(rt_memcpy_w.o)
    0x080006e8   0x00000008   Code   RO         1618    .text               c_w.l(libspace.o)
    0x080006f0   0x00000034   Code   RO         1640    .text               c_w.l(h1_extend.o)
    0x08000724   0x00000030   Code   RO         1644    .text               c_w.l(_printf_char_common.o)
    0x08000754   0x00000008   Code   RO         1646    .text               c_w.l(ferror.o)
    0x0800075c   0x00000138   Code   RO         1648    .text               c_w.l(initio.o)
    0x08000894   0x0000000e   Code   RO         1654    .text               c_w.l(defsig_rtmem_outer.o)
    0x080008a2   0x00000066   Code   RO         1665    .text               c_w.l(sys_io.o)
    0x08000908   0x00000002   Code   RO         1670    .text               c_w.l(use_no_semi.o)
    0x0800090a   0x00000000   Code   RO         1672    .text               c_w.l(indicate_semi.o)
    0x0800090a   0x0000004a   Code   RO         1673    .text               c_w.l(sys_stackheap_outer.o)
    0x08000954   0x00000046   Code   RO         1681    .text               c_w.l(setvbuf.o)
    0x0800099a   0x00000002   PAD
    0x0800099c   0x000000ec   Code   RO         1684    .text               c_w.l(fopen.o)
    0x08000a88   0x0000004c   Code   RO         1686    .text               c_w.l(fclose.o)
    0x08000ad4   0x00000012   Code   RO         1692    .text               c_w.l(exit.o)
    0x08000ae6   0x0000000a   Code   RO         1694    .text               c_w.l(defsig_exit.o)
    0x08000af0   0x0000000e   Code   RO         1696    .text               c_w.l(defsig_rtred_outer.o)
    0x08000afe   0x00000002   PAD
    0x08000b00   0x00000050   Code   RO         1700    .text               c_w.l(defsig_rtmem_inner.o)
    0x08000b50   0x0000000c   Code   RO         1728    .text               c_w.l(sys_exit.o)
    0x08000b5c   0x000000f8   Code   RO         1736    .text               c_w.l(fseek.o)
    0x08000c54   0x000000f0   Code   RO         1738    .text               c_w.l(stdio.o)
    0x08000d44   0x00000032   Code   RO         1742    .text               c_w.l(defsig_general.o)
    0x08000d76   0x00000002   PAD
    0x08000d78   0x00000034   Code   RO         1744    .text               c_w.l(defsig_rtred_inner.o)
    0x08000dac   0x0000003e   Code   RO         1746    .text               c_w.l(strlen.o)
    0x08000dea   0x0000000e   Code   RO         1748    .text               c_w.l(sys_wrch.o)
    0x08000df8   0x00000042   Code   RO         1757    .text               c_w.l(ftell.o)
    0x08000e3a   0x00000002   PAD
    0x08000e3c   0x00000008   Code   RO         1764    .text               c_w.l(rt_errno_addr_intlibspace.o)
    0x08000e44   0x00000004   Code   RO          305    i.BusFault_Handler  stm32f10x_it.o
    0x08000e48   0x00000038   Code   RO          237    i.CycQueueIn        queue.o
    0x08000e80   0x00000024   Code   RO          238    i.CycQueueInit      queue.o
    0x08000ea4   0x00000010   Code   RO          239    i.CycQueueIsEmpty   queue.o
    0x08000eb4   0x0000002c   Code   RO          242    i.CycQueueOut       queue.o
    0x08000ee0   0x00000002   Code   RO          306    i.DebugMon_Handler  stm32f10x_it.o
    0x08000ee2   0x00000116   Code   RO          728    i.GPIO_Init         stm32f10x_gpio.o
    0x08000ff8   0x00000010   Code   RO          389    i.HAL_IncTick       systick.o
    0x08001008   0x00000004   Code   RO          307    i.HardFault_Handler  stm32f10x_it.o
    0x0800100c   0x00000004   Code   RO          308    i.MemManage_Handler  stm32f10x_it.o
    0x08001010   0x00000002   Code   RO          309    i.NMI_Handler       stm32f10x_it.o
    0x08001012   0x00000002   PAD
    0x08001014   0x00000070   Code   RO          488    i.NVIC_Init         misc.o
    0x08001084   0x00000014   Code   RO          489    i.NVIC_PriorityGroupConfig  misc.o
    0x08001098   0x00000002   Code   RO          310    i.PendSV_Handler    stm32f10x_it.o
    0x0800109a   0x00000002   PAD
    0x0800109c   0x00000020   Code   RO          850    i.RCC_APB1PeriphClockCmd  stm32f10x_rcc.o
    0x080010bc   0x00000020   Code   RO          851    i.RCC_APB1PeriphResetCmd  stm32f10x_rcc.o
    0x080010dc   0x00000020   Code   RO          852    i.RCC_APB2PeriphClockCmd  stm32f10x_rcc.o
    0x080010fc   0x00000020   Code   RO          853    i.RCC_APB2PeriphResetCmd  stm32f10x_rcc.o
    0x0800111c   0x000000d4   Code   RO          860    i.RCC_GetClocksFreq  stm32f10x_rcc.o
    0x080011f0   0x00000002   Code   RO          311    i.SVC_Handler       stm32f10x_it.o
    0x080011f2   0x00000008   Code   RO         1361    i.SetSysClock       system_stm32f10x.o
    0x080011fa   0x00000002   PAD
    0x080011fc   0x000000e0   Code   RO         1362    i.SetSysClockTo72   system_stm32f10x.o
    0x080012dc   0x00000028   Code   RO          492    i.SysTick_CLKSourceConfig  misc.o
    0x08001304   0x00000008   Code   RO          312    i.SysTick_Handler   stm32f10x_it.o
    0x0800130c   0x00000060   Code   RO         1364    i.SystemInit        system_stm32f10x.o
    0x0800136c   0x00000034   Code   RO          313    i.USART2_IRQHandler  stm32f10x_it.o
    0x080013a0   0x0000001e   Code   RO         1163    i.USART_ClearITPendingBit  stm32f10x_usart.o
    0x080013be   0x00000018   Code   RO         1166    i.USART_Cmd         stm32f10x_usart.o
    0x080013d6   0x00000002   PAD
    0x080013d8   0x0000009c   Code   RO         1168    i.USART_DeInit      stm32f10x_usart.o
    0x08001474   0x0000001a   Code   RO         1169    i.USART_GetFlagStatus  stm32f10x_usart.o
    0x0800148e   0x00000054   Code   RO         1170    i.USART_GetITStatus  stm32f10x_usart.o
    0x080014e2   0x0000004a   Code   RO         1172    i.USART_ITConfig    stm32f10x_usart.o
    0x0800152c   0x000000d8   Code   RO         1173    i.USART_Init        stm32f10x_usart.o
    0x08001604   0x0000000a   Code   RO         1180    i.USART_ReceiveData  stm32f10x_usart.o
    0x0800160e   0x00000008   Code   RO         1183    i.USART_SendData    stm32f10x_usart.o
    0x08001616   0x00000004   Code   RO          314    i.UsageFault_Handler  stm32f10x_it.o
    0x0800161a   0x00000002   PAD
    0x0800161c   0x00000020   Code   RO            4    i.cmd_handle        data_handle.o
    0x0800163c   0x0000003c   Code   RO          117    i.delay_init        delay.o
    0x08001678   0x00000024   Code   RO          441    i.fputc             uart.o
    0x0800169c   0x00000218   Code   RO            5    i.frame_data_prase  data_handle.o
    0x080018b4   0x0000001c   Code   RO          442    i.get_check_sum     uart.o
    0x080018d0   0x0000002c   Code   RO          200    i.main              main.o
    0x080018fc   0x000000ac   Code   RO          443    i.uart2_init        uart.o
    0x080019a8   0x000000b8   Code   RO          444    i.uart3_init        uart.o
    0x08001a60   0x00000002   Code   RO            7    i.write_cmd_handle  data_handle.o
    0x08001a62   0x00000028   Data   RO         1480    .constdata          c_w.l(_printf_hex_int.o)
    0x08001a8a   0x00000004   Data   RO         1666    .constdata          c_w.l(sys_io.o)
    0x08001a8e   0x00000004   Data   RO         1667    .constdata          c_w.l(sys_io.o)
    0x08001a92   0x00000004   Data   RO         1668    .constdata          c_w.l(sys_io.o)
    0x08001a96   0x00000002   PAD
    0x08001a98   0x00000020   Data   RO         1783    Region$$Table       anon$$obj.o


    Execution Region RW_IRAM1 (Base: 0x20000000, Size: 0x000008c0, Max: 0x00010000, ABSOLUTE)

    Base Addr    Size         Type   Attr      Idx    E Section Name        Object

    0x20000000   0x00000004   Data   RW            9    .data               data_handle.o
    0x20000004   0x00000004   Data   RW          120    .data               delay.o
    0x20000008   0x00000004   Data   RW          202    .data               main.o
    0x2000000c   0x00000004   Data   RW          392    .data               systick.o
    0x20000010   0x00000014   Data   RW          880    .data               stm32f10x_rcc.o
    0x20000024   0x00000004   Data   RW         1564    .data               c_w.l(stdio_streams.o)
    0x20000028   0x00000004   Data   RW         1565    .data               c_w.l(stdio_streams.o)
    0x2000002c   0x00000004   Data   RW         1566    .data               c_w.l(stdio_streams.o)
    0x20000030   0x00000131   Zero   RW            8    .bss                data_handle.o
    0x20000161   0x00000003   PAD
    0x20000164   0x00000054   Zero   RW         1561    .bss                c_w.l(stdio_streams.o)
    0x200001b8   0x00000054   Zero   RW         1562    .bss                c_w.l(stdio_streams.o)
    0x2000020c   0x00000054   Zero   RW         1563    .bss                c_w.l(stdio_streams.o)
    0x20000260   0x00000060   Zero   RW         1619    .bss                c_w.l(libspace.o)
    0x200002c0   0x00000200   Zero   RW         1352    HEAP                startup_stm32f10x_hd.o
    0x200004c0   0x00000400   Zero   RW         1351    STACK               startup_stm32f10x_hd.o


==============================================================================

Image component sizes


      Code (inc. data)   RO Data    RW Data    ZI Data      Debug   Object Name

       570        128          0          4        305     237425   data_handle.o
        60          8          0          4          0        653   delay.o
        44          6          0          4          0       1059   main.o
       172         22          0          0          0       2325   misc.o
       152          0          0          0          0       2364   queue.o
        64         26        304          0       1536        808   startup_stm32f10x_hd.o
       278          0          0          0          0       2120   stm32f10x_gpio.o
        84          8          0          0          0       4126   stm32f10x_it.o
       340         44          0         20          0       5952   stm32f10x_rcc.o
       628         28          0          0          0       7994   stm32f10x_usart.o
       328         28          0          0          0       1949   system_stm32f10x.o
        16          4          0          4          0        862   systick.o
       420         22          0          0          0       2746   uart.o

    ----------------------------------------------------------------------
      3166        324        336         36       1844     270383   Object Totals
         0          0         32          0          0          0   (incl. Generated)
        10          0          0          0          3          0   (incl. Padding)

    ----------------------------------------------------------------------

      Code (inc. data)   RO Data    RW Data    ZI Data      Debug   Library Member Name

         8          0          0          0          0         68   __main.o
       104          0          0          0          0         84   __printf.o
         0          0          0          0          0          0   __rtentry.o
        12          0          0          0          0          0   __rtentry2.o
         6          0          0          0          0          0   __rtentry4.o
        52          8          0          0          0          0   __scatter.o
        26          0          0          0          0          0   __scatter_copy.o
        28          0          0          0          0          0   __scatter_zi.o
        48          6          0          0          0         96   _printf_char_common.o
        36          4          0          0          0         80   _printf_char_file.o
         6          0          0          0          0          0   _printf_d.o
       120         16          0          0          0         92   _printf_dec.o
        88          4         40          0          0         88   _printf_hex_int.o
       178          0          0          0          0         88   _printf_intcommon.o
         0          0          0          0          0          0   _printf_percent.o
         4          0          0          0          0          0   _printf_percent_end.o
         6          0          0          0          0          0   _printf_x.o
        10          0          0          0          0         68   defsig_exit.o
        50          0          0          0          0         88   defsig_general.o
        80         58          0          0          0         76   defsig_rtmem_inner.o
        14          0          0          0          0         80   defsig_rtmem_outer.o
        52         38          0          0          0         76   defsig_rtred_inner.o
        14          0          0          0          0         80   defsig_rtred_outer.o
        18          0          0          0          0         80   exit.o
        76          0          0          0          0         88   fclose.o
         8          0          0          0          0         68   ferror.o
       236          4          0          0          0        128   fopen.o
       248          6          0          0          0         84   fseek.o
        66          0          0          0          0         76   ftell.o
        94          0          0          0          0         80   h1_alloc.o
        52          0          0          0          0         68   h1_extend.o
        78          0          0          0          0         80   h1_free.o
        14          0          0          0          0         84   h1_init.o
         6          0          0          0          0        152   heapauxi.o
         4          0          0          0          0        136   hguard.o
         0          0          0          0          0          0   indicate_semi.o
       138          0          0          0          0        168   init_alloc.o
       312         46          0          0          0        112   initio.o
         2          0          0          0          0          0   libinit.o
        14          0          0          0          0          0   libinit2.o
         2          0          0          0          0          0   libshutdown.o
         6          0          0          0          0          0   libshutdown2.o
         8          4          0          0         96         68   libspace.o
         0          0          0          0          0          0   maybetermalloc1.o
        24          4          0          0          0         84   noretval__2printf.o
         8          4          0          0          0         68   rt_errno_addr_intlibspace.o
         8          4          0          0          0         68   rt_heap_descriptor_intlibspace.o
        78          0          0          0          0         80   rt_memclr_w.o
       138          0          0          0          0         68   rt_memcpy_v6.o
       100          0          0          0          0         80   rt_memcpy_w.o
         2          0          0          0          0          0   rtexit.o
        10          0          0          0          0          0   rtexit2.o
        70          0          0          0          0         80   setvbuf.o
       240          6          0          0          0        156   stdio.o
         0          0          0         12        252          0   stdio_streams.o
        62          0          0          0          0         76   strlen.o
        12          4          0          0          0         68   sys_exit.o
       102          0         12          0          0        240   sys_io.o
        74          0          0          0          0         80   sys_stackheap_outer.o
        14          0          0          0          0         76   sys_wrch.o
         2          0          0          0          0         68   use_no_semi.o

    ----------------------------------------------------------------------
      3284        216         54         12        348       3828   Library Totals
        16          0          2          0          0          0   (incl. Padding)

    ----------------------------------------------------------------------

      Code (inc. data)   RO Data    RW Data    ZI Data      Debug   Library Name

      3268        216         52         12        348       3828   c_w.l

    ----------------------------------------------------------------------
      3284        216         54         12        348       3828   Library Totals

    ----------------------------------------------------------------------

==============================================================================


      Code (inc. data)   RO Data    RW Data    ZI Data      Debug   

      6450        540        390         48       2192     270099   Grand Totals
      6450        540        390         48       2192     270099   ELF Image Totals
      6450        540        390         48          0          0   ROM Totals

==============================================================================

    Total RO  Size (Code + RO Data)                 6840 (   6.68kB)
    Total RW  Size (RW Data + ZI Data)              2240 (   2.19kB)
    Total ROM Size (Code + RO Data + RW Data)       6888 (   6.73kB)

==============================================================================

